Godot Engine v4.6.stable.official.89cea1439 - https://godotengine.org
Vulkan 1.4.341 - Forward+ - Using Device #0: NVIDIA - NVIDIA GeForce RTX 2080

FLY-UI: 138639 neurons, 15091983 synaptic edges (flywire_v783)
optic lobe: FlyVis flow/0000/000 graded model, 45669 cells x 2 eyes driving 46229 FlyWire neurons (gain 60 Hz)
graded optic lobe + VPN dendrites: 39647 units, 5002169 synaptic edges, VPN soma coupling 76.0 mV/unit
ESCAPE (giant fibre) at t=0.28s
t=0.7s spikes/s=1313941 gpu=43.3ms fps=19 | pos=(-2.0,7.0) spd=0.00 turn=0.00 air=false feed=false esc=1 hunger=0.80
   DN: P9 0.0/0.0  DNa02 58.8/0.0  MDN 0.0  GF 29.4  MN9 0.0 | odourL/R 0.02/0.02 loom 0.0
   Hz: OpticL=4.4 OpticR=5.7 AntennalL=54.0 AntennalR=51.4 MushroomL=68.2 MushroomR=55.3 LateralL=100.3 LateralR=88.8 Centralx=0.8 SEZy=1.9 AMMCL=0.0 AMMCR=0.0 Centraln=10.0 Descendingg=8.1 Ascendingg=0.2
   eye: lumL/R 0.396/0.426 contrastL/R +0.00/+0.00 R1-6 40/40 Hz | R1-6 19.6/31.0  R7 28.8/36.7  R8 31.5/36.3  L1 0.0/0.0  L2 0.0/0.0  L3 0.2/0.2  Mi1 4.7/5.0  Tm3 5.3/5.9  Tm1 0.1/0.0  Tm2 0.2/0.0  Tm9 0.2/0.0  T4a 1.3/0.5  T4b 1.1/0.1  T4c 0.9/0.3  T4d 0.4/0.2  T5a 2.2/1.5  T5b 0.5/0.1  T5c 1.1/1.1  T5d 0.8/1.0  LC4 56.1/75.3  LPLC1 0.0/0.0  LPLC2 0.0/0.0  LC6 0.0/0.0  DNp01 0.0/58.8  DNp02 88.2/117.6  DNp11 0.0/0.0
t=1.4s spikes/s=1311941 gpu=43.3ms fps=22 | pos=(-2.0,7.0) spd=0.00 turn=0.00 air=false feed=false esc=1 hunger=0.80
   DN: P9 0.0/0.0  DNa02 88.2/0.0  MDN 0.0  GF 14.7  MN9 0.0 | odourL/R 0.02/0.02 loom 0.0
   Hz: OpticL=4.4 OpticR=5.6 AntennalL=54.2 AntennalR=52.0 MushroomL=67.9 MushroomR=55.7 LateralL=100.5 LateralR=88.2 Centralx=1.1 SEZy=1.6 AMMCL=0.0 AMMCR=0.0 Centraln=10.0 Descendingg=7.4 Ascendingg=0.2
   eye: lumL/R 0.396/0.426 contrastL/R +0.00/+0.00 R1-6 40/40 Hz | R1-6 18.7/30.7  R7 31.6/34.4  R8 32.4/33.4  L1 0.0/0.0  L2 0.0/0.0  L3 0.5/0.3  Mi1 4.4/6.0  Tm3 5.9/6.0  Tm1 0.0/0.0  Tm2 0.0/0.0  Tm9 0.2/0.0  T4a 1.1/0.9  T4b 1.1/0.2  T4c 0.7/0.4  T4d 0.4/0.1  T5a 2.1/1.3  T5b 0.4/0.1  T5c 0.9/0.7  T5d 0.5/0.8  LC4 56.6/77.6  LPLC1 0.0/0.0  LPLC2 0.0/0.0  LC6 0.0/0.0  DNp01 0.0/29.4  DNp02 88.2/117.6  DNp11 0.0/0.0
t=2.2s spikes/s=1304294 gpu=42.5ms fps=22 | pos=(-2.0,7.0) spd=0.00 turn=0.00 air=false feed=false esc=1 hunger=0.80
   DN: P9 0.0/0.0  DNa02 88.2/0.0  MDN 0.0  GF 14.7  MN9 0.0 | odourL/R 0.02/0.02 loom 0.0
   Hz: OpticL=4.3 OpticR=5.7 AntennalL=54.4 AntennalR=52.2 MushroomL=68.8 MushroomR=55.4 LateralL=99.6 LateralR=88.2 Centralx=0.8 SEZy=1.7 AMMCL=0.0 AMMCR=0.0 Centraln=9.7 Descendingg=6.8 Ascendingg=0.1
   eye: lumL/R 0.396/0.426 contrastL/R +0.00/+0.00 R1-6 40/40 Hz | R1-6 18.9/31.5  R7 29.4/36.5  R8 29.1/36.1  L1 0.0/0.0  L2 0.0/0.0  L3 0.4/0.2  Mi1 4.6/4.5  Tm3 5.4/6.6  Tm1 0.0/0.0  Tm2 0.0/0.0  Tm9 0.1/0.0  T4a 1.5/1.0  T4b 1.4/0.6  T4c 0.7/0.3  T4d 0.3/0.2  T5a 1.6/1.4  T5b 0.4/0.1  T5c 0.7/1.0  T5d 0.8/0.4  LC4 60.5/75.9  LPLC1 0.0/0.0  LPLC2 0.0/0.0  LC6 0.0/0.0  DNp01 0.0/29.4  DNp02 88.2/147.1  DNp11 0.0/0.0
ESCAPE (giant fibre) at t=2.56s
t=3.0s spikes/s=1314882 gpu=43.1ms fps=23 | pos=(-2.0,7.0) spd=0.00 turn=0.00 air=false feed=false esc=2 hunger=0.80
   DN: P9 0.0/0.0  DNa02 29.4/0.0  MDN 0.0  GF 44.1  MN9 0.0 | odourL/R 0.02/0.02 loom 0.0
   Hz: OpticL=4.4 OpticR=5.7 AntennalL=54.5 AntennalR=52.5 MushroomL=68.4 MushroomR=55.4 LateralL=101.3 LateralR=88.4 Centralx=0.9 SEZy=1.7 AMMCL=0.0 AMMCR=0.0 Centraln=9.9 Descendingg=7.6 Ascendingg=0.2
   eye: lumL/R 0.396/0.426 contrastL/R +0.00/+0.00 R1-6 40/40 Hz | R1-6 19.3/31.5  R7 31.8/33.8  R8 29.3/35.9  L1 0.0/0.0  L2 0.0/0.0  L3 0.5/0.3  Mi1 4.9/4.5  Tm3 6.0/6.3  Tm1 0.0/0.0  Tm2 0.1/0.0  Tm9 0.4/0.0  T4a 1.6/0.7  T4b 1.6/0.3  T4c 0.4/0.2  T4d 0.3/0.2  T5a 1.6/1.3  T5b 0.7/0.2  T5c 0.8/0.6  T5d 0.6/0.4  LC4 57.2/74.1  LPLC1 0.0/0.0  LPLC2 0.0/0.0  LC6 0.0/0.0  DNp01 0.0/88.2  DNp02 117.6/147.1  DNp11 0.0/0.0
t=3.8s spikes/s=1309000 gpu=43.3ms fps=22 | pos=(-2.0,7.0) spd=0.00 turn=0.00 air=false feed=false esc=2 hunger=0.80
   DN: P9 0.0/0.0  DNa02 58.8/0.0  MDN 0.0  GF 29.4  MN9 0.0 | odourL/R 0.02/0.02 loom 0.0
   Hz: OpticL=4.3 OpticR=5.7 AntennalL=54.4 AntennalR=52.5 MushroomL=68.0 MushroomR=55.4 LateralL=100.0 LateralR=89.0 Centralx=0.8 SEZy=1.8 AMMCL=0.0 AMMCR=0.0 Centraln=9.9 Descendingg=7.2 Ascendingg=0.2
   eye: lumL/R 0.396/0.426 contrastL/R +0.00/+0.00 R1-6 40/40 Hz | R1-6 18.8/31.1  R7 29.5/34.7  R8 30.0/36.5  L1 0.0/0.0  L2 0.0/0.0  L3 0.3/0.3  Mi1 4.3/5.4  Tm3 4.8/6.3  Tm1 0.1/0.0  Tm2 0.1/0.0  Tm9 0.2/0.1  T4a 1.3/0.6  T4b 0.9/0.5  T4c 0.9/0.7  T4d 0.4/0.2  T5a 1.5/1.3  T5b 0.4/0.2  T5c 1.1/0.8  T5d 0.8/0.5  LC4 58.3/74.7  LPLC1 0.0/0.0  LPLC2 0.0/0.0  LC6 0.0/0.0  DNp01 0.0/58.8  DNp02 88.2/117.6  DNp11 0.0/0.0
t=4.5s spikes/s=1310911 gpu=42.5ms fps=22 | pos=(-2.0,7.0) spd=0.00 turn=0.00 air=false feed=false esc=2 hunger=0.80
   DN: P9 0.0/0.0  DNa02 88.2/0.0  MDN 0.0  GF 29.4  MN9 0.0 | odourL/R 0.02/0.02 loom 0.0
   Hz: OpticL=4.4 OpticR=5.6 AntennalL=54.5 AntennalR=52.0 MushroomL=68.6 MushroomR=55.3 LateralL=101.0 LateralR=88.4 Centralx=0.9 SEZy=1.7 AMMCL=0.0 AMMCR=0.0 Centraln=10.0 Descendingg=7.6 Ascendingg=0.2
   eye: lumL/R 0.396/0.426 contrastL/R +0.00/+0.00 R1-6 40/40 Hz | R1-6 19.2/30.9  R7 29.5/33.7  R8 31.6/34.4  L1 0.0/0.0  L2 0.0/0.0  L3 0.3/0.4  Mi1 4.3/5.0  Tm3 5.6/6.9  Tm1 0.0/0.0  Tm2 0.0/0.0  Tm9 0.2/0.0  T4a 1.5/0.8  T4b 1.2/0.4  T4c 0.5/0.2  T4d 0.2/0.1  T5a 1.4/1.1  T5b 0.6/0.1  T5c 0.8/0.7  T5d 0.6/0.5  LC4 59.9/72.9  LPLC1 0.0/0.0  LPLC2 0.0/0.0  LC6 0.0/0.0  DNp01 0.0/58.8  DNp02 88.2/117.6  DNp11 0.0/0.0
ESCAPE (giant fibre) at t=4.84s
t=5.3s spikes/s=1311588 gpu=41.5ms fps=22 | pos=(-2.0,7.0) spd=0.00 turn=0.00 air=false feed=false esc=3 hunger=0.80
   DN: P9 0.0/0.0  DNa02 58.8/0.0  MDN 0.0  GF 29.4  MN9 0.0 | odourL/R 0.02/0.02 loom 0.0
   Hz: OpticL=4.4 OpticR=5.6 AntennalL=54.3 AntennalR=52.3 MushroomL=67.8 MushroomR=55.1 LateralL=100.7 LateralR=88.9 Centralx=1.0 SEZy=1.5 AMMCL=0.0 AMMCR=0.0 Centraln=10.1 Descendingg=7.9 Ascendingg=0.2
   eye: lumL/R 0.396/0.426 contrastL/R +0.00/+0.00 R1-6 40/40 Hz | R1-6 19.2/31.2  R7 29.4/35.2  R8 32.3/35.9  L1 0.0/0.0  L2 0.1/0.0  L3 0.5/0.1  Mi1 4.9/5.0  Tm3 5.6/6.6  Tm1 0.0/0.0  Tm2 0.1/0.0  Tm9 0.2/0.0  T4a 1.3/0.6  T4b 1.1/0.4  T4c 0.6/0.3  T4d 0.3/0.3  T5a 1.3/1.1  T5b 0.2/0.2  T5c 0.8/0.5  T5d 0.7/0.5  LC4 57.2/72.9  LPLC1 0.0/0.0  LPLC2 0.0/0.0  LC6 0.0/0.0  DNp01 0.0/58.8  DNp02 117.6/117.6  DNp11 0.0/0.0
t=6.1s spikes/s=1306323 gpu=42.8ms fps=22 | pos=(-2.0,7.0) spd=0.00 turn=0.00 air=false feed=false esc=3 hunger=0.80
   DN: P9 0.0/0.0  DNa02 29.4/0.0  MDN 0.0  GF 0.0  MN9 0.0 | odourL/R 0.02/0.02 loom 0.0
   Hz: OpticL=4.4 OpticR=5.6 AntennalL=53.6 AntennalR=52.3 MushroomL=68.2 MushroomR=55.6 LateralL=99.0 LateralR=88.3 Centralx=0.9 SEZy=1.7 AMMCL=0.0 AMMCR=0.0 Centraln=9.9 Descendingg=7.2 Ascendingg=0.1
   eye: lumL/R 0.396/0.426 contrastL/R +0.00/+0.00 R1-6 40/40 Hz | R1-6 19.6/30.6  R7 28.5/34.9  R8 31.1/36.8  L1 0.0/0.0  L2 0.0/0.0  L3 0.4/0.2  Mi1 3.8/5.4  Tm3 5.3/5.7  Tm1 0.0/0.0  Tm2 0.1/0.0  Tm9 0.2/0.0  T4a 1.2/0.8  T4b 0.8/0.3  T4c 0.5/0.3  T4d 0.4/0.1  T5a 1.7/1.1  T5b 0.3/0.2  T5c 0.9/0.4  T5d 0.7/0.4  LC4 58.8/75.3  LPLC1 0.0/0.0  LPLC2 0.0/0.0  LC6 0.0/0.0  DNp01 0.0/0.0  DNp02 117.6/117.6  DNp11 29.4/0.0
t=6.9s spikes/s=1300000 gpu=44.8ms fps=23 | pos=(-2.0,7.0) spd=0.00 turn=0.00 air=false feed=false esc=3 hunger=0.80
   DN: P9 0.0/0.0  DNa02 29.4/0.0  MDN 0.0  GF 14.7  MN9 0.0 | odourL/R 0.02/0.02 loom 0.0
   Hz: OpticL=4.4 OpticR=5.6 AntennalL=53.7 AntennalR=52.0 MushroomL=67.7 MushroomR=54.6 LateralL=99.1 LateralR=89.8 Centralx=1.0 SEZy=1.9 AMMCL=0.0 AMMCR=0.0 Centraln=9.8 Descendingg=7.5 Ascendingg=0.2
   eye: lumL/R 0.396/0.426 contrastL/R +0.00/+0.00 R1-6 40/40 Hz | R1-6 19.5/30.8  R7 29.5/34.6  R8 30.1/34.2  L1 0.0/0.0  L2 0.0/0.0  L3 0.3/0.2  Mi1 4.0/5.2  Tm3 5.0/6.3  Tm1 0.0/0.0  Tm2 0.1/0.0  Tm9 0.3/0.0  T4a 1.1/0.7  T4b 1.2/0.5  T4c 0.8/0.3  T4d 0.4/0.2  T5a 1.5/1.2  T5b 0.6/0.2  T5c 0.8/0.7  T5d 1.0/0.6  LC4 59.4/75.3  LPLC1 0.0/0.0  LPLC2 0.0/0.0  LC6 0.0/0.0  DNp01 0.0/29.4  DNp02 117.6/117.6  DNp11 0.0/0.0
ESCAPE (giant fibre) at t=7.12s
t=7.7s spikes/s=1320323 gpu=40.7ms fps=22 | pos=(-2.0,7.0) spd=0.00 turn=0.00 air=false feed=false esc=4 hunger=0.80
   DN: P9 0.0/0.0  DNa02 58.8/0.0  MDN 0.0  GF 44.1  MN9 0.0 | odourL/R 0.02/0.02 loom 0.0
   Hz: OpticL=4.4 OpticR=5.7 AntennalL=54.5 AntennalR=52.4 MushroomL=68.5 MushroomR=55.6 LateralL=100.6 LateralR=89.2 Centralx=0.8 SEZy=1.8 AMMCL=0.0 AMMCR=0.0 Centraln=10.0 Descendingg=7.6 Ascendingg=0.2
   eye: lumL/R 0.396/0.426 contrastL/R +0.00/+0.00 R1-6 40/40 Hz | R1-6 19.3/31.5  R7 29.1/33.5  R8 32.1/35.9  L1 0.0/0.0  L2 0.0/0.0  L3 0.5/0.2  Mi1 3.7/5.3  Tm3 5.1/6.6  Tm1 0.1/0.0  Tm2 0.1/0.0  Tm9 0.1/0.0  T4a 1.3/0.4  T4b 0.7/0.5  T4c 0.6/0.2  T4d 0.4/0.1  T5a 1.6/1.1  T5b 0.5/0.1  T5c 0.6/0.7  T5d 0.9/0.5  LC4 58.8/72.4  LPLC1 0.0/0.0  LPLC2 0.0/0.0  LC6 0.0/0.0  DNp01 0.0/88.2  DNp02 88.2/147.1  DNp11 0.0/0.0
t=8.4s spikes/s=1308941 gpu=42.9ms fps=22 | pos=(-2.0,7.0) spd=0.00 turn=0.00 air=false feed=false esc=4 hunger=0.80
   DN: P9 0.0/0.0  DNa02 29.4/0.0  MDN 0.0  GF 29.4  MN9 0.0 | odourL/R 0.02/0.02 loom 0.0
   Hz: OpticL=4.4 OpticR=5.7 AntennalL=54.1 AntennalR=51.7 MushroomL=68.0 MushroomR=54.7 LateralL=98.9 LateralR=87.0 Centralx=1.0 SEZy=1.4 AMMCL=0.0 AMMCR=0.0 Centraln=10.0 Descendingg=8.1 Ascendingg=0.2
   eye: lumL/R 0.396/0.426 contrastL/R +0.00/+0.00 R1-6 40/40 Hz | R1-6 18.6/31.3  R7 29.5/35.5  R8 33.7/36.5  L1 0.0/0.0  L2 0.0/0.0  L3 0.4/0.3  Mi1 4.9/6.0  Tm3 4.6/5.9  Tm1 0.0/0.0  Tm2 0.2/0.0  Tm9 0.3/0.0  T4a 1.2/0.6  T4b 0.9/0.3  T4c 0.9/0.6  T4d 0.2/0.1  T5a 1.1/1.4  T5b 0.5/0.2  T5c 1.1/0.5  T5d 0.6/0.4  LC4 55.6/75.3  LPLC1 0.0/0.0  LPLC2 0.0/0.0  LC6 0.0/0.0  DNp01 0.0/58.8  DNp02 88.2/147.1  DNp11 0.0/0.0
t=9.2s spikes/s=1313176 gpu=41.3ms fps=22 | pos=(-2.0,7.0) spd=0.00 turn=0.00 air=false feed=false esc=4 hunger=0.80
   DN: P9 0.0/0.0  DNa02 58.8/0.0  MDN 0.0  GF 29.4  MN9 0.0 | odourL/R 0.02/0.02 loom 0.0
   Hz: OpticL=4.4 OpticR=5.6 AntennalL=54.1 AntennalR=52.1 MushroomL=68.2 MushroomR=55.7 LateralL=98.8 LateralR=90.2 Centralx=1.0 SEZy=1.6 AMMCL=0.0 AMMCR=0.0 Centraln=10.0 Descendingg=7.5 Ascendingg=0.2
   eye: lumL/R 0.396/0.426 contrastL/R +0.00/+0.00 R1-6 40/40 Hz | R1-6 19.7/30.9  R7 29.3/33.1  R8 32.2/36.1  L1 0.0/0.0  L2 0.0/0.0  L3 0.3/0.2  Mi1 5.3/6.1  Tm3 5.3/6.3  Tm1 0.1/0.0  Tm2 0.0/0.0  Tm9 0.2/0.1  T4a 0.9/0.6  T4b 0.7/0.3  T4c 0.4/0.3  T4d 0.2/0.1  T5a 1.7/1.4  T5b 0.6/0.2  T5c 1.3/0.6  T5d 0.6/0.3  LC4 57.2/72.9  LPLC1 0.0/0.0  LPLC2 0.0/0.0  LC6 0.0/0.0  DNp01 0.0/58.8  DNp02 117.6/147.1  DNp11 0.0/0.0
ESCAPE (giant fibre) at t=9.39s
t=10.0s spikes/s=1311147 gpu=42.2ms fps=22 | pos=(-2.0,7.0) spd=0.00 turn=0.00 air=false feed=false esc=5 hunger=0.80
   DN: P9 0.0/0.0  DNa02 0.0/0.0  MDN 0.0  GF 14.7  MN9 0.0 | odourL/R 0.02/0.02 loom 0.0
   Hz: OpticL=4.4 OpticR=5.6 AntennalL=54.4 AntennalR=52.3 MushroomL=68.3 MushroomR=55.3 LateralL=99.5 LateralR=87.1 Centralx=1.0 SEZy=1.9 AMMCL=0.0 AMMCR=0.0 Centraln=9.9 Descendingg=7.3 Ascendingg=0.2
   eye: lumL/R 0.396/0.426 contrastL/R +0.00/+0.00 R1-6 40/40 Hz | R1-6 19.2/30.8  R7 30.6/33.8  R8 29.8/35.8  L1 0.0/0.0  L2 0.0/0.0  L3 0.4/0.4  Mi1 4.1/4.8  Tm3 6.0/6.1  Tm1 0.1/0.0  Tm2 0.1/0.0  Tm9 0.3/0.0  T4a 1.2/0.7  T4b 0.9/0.5  T4c 0.7/0.4  T4d 0.3/0.1  T5a 1.7/1.4  T5b 0.4/0.1  T5c 1.0/0.9  T5d 0.4/0.5  LC4 57.7/73.5  LPLC1 0.0/0.0  LPLC2 0.0/0.0  LC6 0.0/0.0  DNp01 0.0/29.4  DNp02 88.2/117.6  DNp11 0.0/0.0
t=10.8s spikes/s=1313647 gpu=42.9ms fps=22 | pos=(-2.0,7.0) spd=0.00 turn=0.00 air=false feed=false esc=5 hunger=0.80
   DN: P9 0.0/0.0  DNa02 0.0/0.0  MDN 0.0  GF 29.4  MN9 0.0 | odourL/R 0.02/0.02 loom 0.0
   Hz: OpticL=4.4 OpticR=5.7 AntennalL=54.2 AntennalR=52.7 MushroomL=68.4 MushroomR=55.1 LateralL=99.7 LateralR=87.8 Centralx=1.1 SEZy=1.6 AMMCL=0.0 AMMCR=0.0 Centraln=10.0 Descendingg=7.4 Ascendingg=0.2
   eye: lumL/R 0.396/0.426 contrastL/R +0.00/+0.00 R1-6 40/40 Hz | R1-6 19.5/31.4  R7 31.2/35.4  R8 28.9/34.3  L1 0.0/0.0  L2 0.0/0.0  L3 0.4/0.1  Mi1 4.0/5.6  Tm3 5.4/7.1  Tm1 0.0/0.1  Tm2 0.0/0.0  Tm9 0.2/0.1  T4a 1.3/0.8  T4b 1.0/0.6  T4c 0.5/0.5  T4d 0.3/0.1  T5a 1.1/0.9  T5b 0.3/0.1  T5c 0.7/0.6  T5d 0.8/0.5  LC4 57.2/74.7  LPLC1 0.0/0.0  LPLC2 0.0/0.0  LC6 0.0/0.0  DNp01 0.0/58.8  DNp02 88.2/117.6  DNp11 0.0/0.0
t=11.5s spikes/s=1296323 gpu=43.8ms fps=22 | pos=(-2.0,7.0) spd=0.00 turn=0.00 air=false feed=false esc=5 hunger=0.80
   DN: P9 0.0/0.0  DNa02 29.4/0.0  MDN 0.0  GF 0.0  MN9 0.0 | odourL/R 0.02/0.02 loom 0.0
   Hz: OpticL=4.3 OpticR=5.5 AntennalL=54.4 AntennalR=52.7 MushroomL=67.8 MushroomR=55.0 LateralL=99.6 LateralR=87.1 Centralx=0.9 SEZy=1.7 AMMCL=0.0 AMMCR=0.0 Centraln=9.7 Descendingg=7.5 Ascendingg=0.1
   eye: lumL/R 0.396/0.426 contrastL/R +0.00/+0.00 R1-6 40/40 Hz | R1-6 18.7/30.5  R7 28.9/33.8  R8 30.1/35.3  L1 0.0/0.0  L2 0.0/0.0  L3 0.3/0.2  Mi1 5.0/5.3  Tm3 4.2/6.8  Tm1 0.1/0.0  Tm2 0.1/0.0  Tm9 0.4/0.1  T4a 0.7/0.6  T4b 1.2/0.4  T4c 0.6/0.3  T4d 0.3/0.3  T5a 1.0/1.2  T5b 0.1/0.2  T5c 1.3/0.8  T5d 0.6/0.6  LC4 57.7/75.9  LPLC1 0.0/0.0  LPLC2 0.0/0.0  LC6 0.0/0.0  DNp01 0.0/0.0  DNp02 117.6/147.1  DNp11 0.0/0.0
ESCAPE (giant fibre) at t=11.67s
t=12.3s spikes/s=1303323 gpu=41.5ms fps=23 | pos=(-2.0,7.0) spd=0.00 turn=0.00 air=false feed=false esc=6 hunger=0.80
   DN: P9 0.0/0.0  DNa02 29.4/0.0  MDN 0.0  GF 29.4  MN9 0.0 | odourL/R 0.02/0.02 loom 0.0
   Hz: OpticL=4.3 OpticR=5.6 AntennalL=54.1 AntennalR=51.5 MushroomL=68.8 MushroomR=55.5 LateralL=101.0 LateralR=88.0 Centralx=1.0 SEZy=1.7 AMMCL=0.0 AMMCR=0.0 Centraln=9.9 Descendingg=7.6 Ascendingg=0.2
   eye: lumL/R 0.396/0.426 contrastL/R +0.00/+0.00 R1-6 40/40 Hz | R1-6 18.8/31.4  R7 28.1/36.2  R8 30.3/33.4  L1 0.0/0.0  L2 0.0/0.0  L3 0.2/0.3  Mi1 4.4/5.7  Tm3 4.5/7.1  Tm1 0.2/0.0  Tm2 0.1/0.0  Tm9 0.2/0.0  T4a 1.3/1.0  T4b 1.1/0.4  T4c 0.7/0.4  T4d 0.2/0.2  T5a 1.6/1.5  T5b 0.4/0.2  T5c 0.8/0.6  T5d 0.9/0.3  LC4 57.2/72.4  LPLC1 0.0/0.0  LPLC2 0.0/0.0  LC6 0.0/0.0  DNp01 0.0/58.8  DNp02 117.6/147.1  DNp11 0.0/0.0
t=13.1s spikes/s=1314529 gpu=44.1ms fps=22 | pos=(-2.0,7.0) spd=0.00 turn=0.00 air=false feed=false esc=6 hunger=0.80
   DN: P9 0.0/0.0  DNa02 58.8/0.0  MDN 0.0  GF 14.7  MN9 0.0 | odourL/R 0.02/0.02 loom 0.0
   Hz: OpticL=4.4 OpticR=5.7 AntennalL=54.4 AntennalR=52.1 MushroomL=68.5 MushroomR=55.3 LateralL=101.7 LateralR=87.7 Centralx=1.1 SEZy=1.7 AMMCL=0.0 AMMCR=0.0 Centraln=9.9 Descendingg=7.8 Ascendingg=0.2
   eye: lumL/R 0.396/0.426 contrastL/R +0.00/+0.00 R1-6 40/40 Hz | R1-6 19.7/31.0  R7 30.2/35.7  R8 29.9/36.0  L1 0.0/0.0  L2 0.0/0.0  L3 0.5/0.1  Mi1 3.3/4.6  Tm3 5.7/5.8  Tm1 0.0/0.0  Tm2 0.1/0.0  Tm9 0.2/0.0  T4a 0.6/0.8  T4b 0.9/0.3  T4c 0.4/0.4  T4d 0.4/0.0  T5a 1.8/1.2  T5b 0.5/0.2  T5c 0.8/0.9  T5d 0.6/0.5  LC4 58.3/71.8  LPLC1 0.0/0.0  LPLC2 0.0/0.0  LC6 0.0/0.0  DNp01 0.0/29.4  DNp02 117.6/147.1  DNp11 0.0/0.0
t=13.9s spikes/s=1315411 gpu=42.5ms fps=22 | pos=(-2.0,7.0) spd=0.00 turn=0.00 air=false feed=false esc=6 hunger=0.80
   DN: P9 0.0/0.0  DNa02 29.4/0.0  MDN 0.0  GF 29.4  MN9 0.0 | odourL/R 0.02/0.02 loom 0.0
   Hz: OpticL=4.3 OpticR=5.8 AntennalL=54.3 AntennalR=52.7 MushroomL=67.9 MushroomR=55.8 LateralL=101.4 LateralR=88.4 Centralx=1.0 SEZy=1.6 AMMCL=0.0 AMMCR=0.0 Centraln=10.0 Descendingg=7.2 Ascendingg=0.2
   eye: lumL/R 0.396/0.426 contrastL/R +0.00/+0.00 R1-6 40/40 Hz | R1-6 19.2/32.0  R7 28.8/36.5  R8 29.6/35.6  L1 0.0/0.0  L2 0.0/0.0  L3 0.4/0.3  Mi1 4.0/6.4  Tm3 4.9/6.2  Tm1 0.1/0.0  Tm2 0.1/0.0  Tm9 0.2/0.0  T4a 1.3/0.8  T4b 1.3/0.6  T4c 0.6/0.2  T4d 0.4/0.2  T5a 1.5/1.2  T5b 0.4/0.1  T5c 0.9/0.6  T5d 0.5/0.2  LC4 58.8/73.5  LPLC1 0.0/0.0  LPLC2 0.0/0.0  LC6 0.0/0.0  DNp01 0.0/58.8  DNp02 88.2/117.6  DNp11 0.0/0.0
ESCAPE (giant fibre) at t=13.95s
t=14.6s spikes/s=1297029 gpu=41.2ms fps=22 | pos=(-2.0,7.0) spd=0.00 turn=0.00 air=false feed=false esc=7 hunger=0.80
   DN: P9 0.0/0.0  DNa02 0.0/0.0  MDN 0.0  GF 14.7  MN9 0.0 | odourL/R 0.02/0.02 loom 0.0
   Hz: OpticL=4.3 OpticR=5.6 AntennalL=53.6 AntennalR=51.7 MushroomL=68.4 MushroomR=54.8 LateralL=100.1 LateralR=88.2 Centralx=1.0 SEZy=1.7 AMMCL=0.0 AMMCR=0.0 Centraln=9.7 Descendingg=7.3 Ascendingg=0.1
   eye: lumL/R 0.396/0.426 contrastL/R +0.00/+0.00 R1-6 40/40 Hz | R1-6 19.2/31.3  R7 29.0/35.8  R8 29.7/36.0  L1 0.0/0.0  L2 0.0/0.0  L3 0.4/0.2  Mi1 4.7/5.9  Tm3 5.3/6.1  Tm1 0.0/0.0  Tm2 0.1/0.0  Tm9 0.1/0.0  T4a 1.5/0.8  T4b 1.1/0.2  T4c 0.6/0.5  T4d 0.4/0.1  T5a 1.7/0.8  T5b 0.2/0.2  T5c 0.9/0.8  T5d 0.4/0.4  LC4 57.2/77.1  LPLC1 0.0/0.0  LPLC2 0.0/0.0  LC6 0.0/0.0  DNp01 0.0/29.4  DNp02 88.2/147.1  DNp11 0.0/0.0
t=15.4s spikes/s=1313088 gpu=42.1ms fps=22 | pos=(-2.0,7.0) spd=0.00 turn=0.00 air=false feed=false esc=7 hunger=0.80
   DN: P9 0.0/0.0  DNa02 29.4/0.0  MDN 0.0  GF 14.7  MN9 0.0 | odourL/R 0.02/0.02 loom 0.0
   Hz: OpticL=4.4 OpticR=5.7 AntennalL=54.0 AntennalR=51.9 MushroomL=68.1 MushroomR=55.5 LateralL=100.6 LateralR=87.3 Centralx=1.1 SEZy=1.6 AMMCL=0.0 AMMCR=0.0 Centraln=10.0 Descendingg=7.0 Ascendingg=0.2
   eye: lumL/R 0.396/0.426 contrastL/R +0.00/+0.00 R1-6 40/40 Hz | R1-6 19.3/31.6  R7 31.5/35.3  R8 31.3/35.8  L1 0.0/0.0  L2 0.0/0.0  L3 0.3/0.4  Mi1 4.5/5.8  Tm3 5.0/6.9  Tm1 0.2/0.0  Tm2 0.1/0.0  Tm9 0.0/0.0  T4a 1.4/0.8  T4b 1.1/0.4  T4c 0.9/0.6  T4d 0.4/0.1  T5a 1.7/1.0  T5b 0.3/0.2  T5c 0.7/0.6  T5d 0.5/0.5  LC4 56.1/72.4  LPLC1 0.0/0.0  LPLC2 0.0/0.0  LC6 0.0/0.0  DNp01 0.0/29.4  DNp02 117.6/117.6  DNp11 0.0/0.0
t=16.2s spikes/s=1311647 gpu=42.9ms fps=22 | pos=(-2.0,7.0) spd=0.00 turn=0.00 air=false feed=false esc=7 hunger=0.80
   DN: P9 0.0/0.0  DNa02 88.2/0.0  MDN 0.0  GF 29.4  MN9 0.0 | odourL/R 0.02/0.02 loom 0.0
   Hz: OpticL=4.4 OpticR=5.7 AntennalL=53.9 AntennalR=51.8 MushroomL=68.1 MushroomR=55.6 LateralL=100.3 LateralR=88.4 Centralx=1.1 SEZy=1.6 AMMCL=0.0 AMMCR=0.0 Centraln=9.9 Descendingg=7.5 Ascendingg=0.2
   eye: lumL/R 0.396/0.426 contrastL/R +0.00/+0.00 R1-6 40/40 Hz | R1-6 18.7/31.3  R7 30.9/35.4  R8 31.3/34.1  L1 0.0/0.0  L2 0.0/0.0  L3 0.3/0.2  Mi1 4.3/5.3  Tm3 5.3/6.7  Tm1 0.1/0.0  Tm2 0.1/0.0  Tm9 0.2/0.0  T4a 1.3/0.5  T4b 1.2/0.3  T4c 0.7/0.5  T4d 0.4/0.2  T5a 1.3/1.1  T5b 0.3/0.2  T5c 0.8/0.5  T5d 0.4/0.4  LC4 56.6/74.1  LPLC1 0.0/0.0  LPLC2 0.0/0.0  LC6 0.0/0.0  DNp01 0.0/58.8  DNp02 88.2/117.6  DNp11 0.0/0.0
ESCAPE (giant fibre) at t=16.26s
screenshot: F:/Fruit Fly Experiment/screenshots/loom_graded_c76_a90_ctrl.png
