Godot Engine v4.6.stable.official.89cea1439 - https://godotengine.org
Vulkan 1.4.341 - Forward+ - Using Device #0: NVIDIA - NVIDIA GeForce RTX 2080

FLY-UI: 138639 neurons, 15091983 synaptic edges (flywire_v783)
t=0.9s spikes/s=1324120 gpu=35.6ms fps=10 | pos=(-2.0,7.0) spd=0.00 turn=0.00 air=false feed=false esc=0 hunger=0.80
   DN: P9 0.0/0.0  DNa02 72.3/0.0  MDN 0.0  GF 0.0  MN9 0.0 | odourL/R 0.02/0.02 loom 0.0
   Hz: OpticL=5.0 OpticR=6.1 AntennalL=54.8 AntennalR=51.9 MushroomL=68.8 MushroomR=55.5 LateralL=100.1 LateralR=87.9 Centralx=1.2 SEZy=1.6 AMMCL=0.0 AMMCR=0.0 Centraln=8.2 Descendingg=5.6 Ascendingg=0.1
   eye: lumL/R 0.396/0.426 contrastL/R +0.00/+0.00 R1-6 40/40 Hz | R1-6 19.4/30.7  R7 30.0/34.7  R8 31.7/35.6  L1 20.1/15.9  L2 11.0/6.6  L3 21.9/20.1  Mi1 2.1/3.9  Tm3 2.0/4.4  Tm1 5.9/4.5  Tm2 4.7/4.1  Tm9 0.1/0.5  T4a 0.0/0.4  T4b 0.1/0.3  T4c 0.1/0.3  T4d 0.0/0.3  T5a 0.1/0.2  T5b 0.0/0.1  T5c 0.1/0.1  T5d 0.0/0.1  LC4 0.0/0.0  LPLC1 0.0/0.0  LPLC2 0.0/0.0  LC6 0.0/0.0  DNp01 0.0/0.0  DNp02 0.0/48.2  DNp11 0.0/0.0
t=1.9s spikes/s=1341095 gpu=34.9ms fps=26 | pos=(-2.0,7.0) spd=0.00 turn=0.00 air=false feed=false esc=0 hunger=0.80
   DN: P9 0.0/0.0  DNa02 27.4/0.0  MDN 0.0  GF 0.0  MN9 0.0 | odourL/R 0.02/0.02 loom 0.0
   Hz: OpticL=5.1 OpticR=6.4 AntennalL=54.6 AntennalR=52.5 MushroomL=68.3 MushroomR=54.9 LateralL=100.1 LateralR=88.4 Centralx=1.0 SEZy=1.9 AMMCL=0.0 AMMCR=0.0 Centraln=8.1 Descendingg=5.7 Ascendingg=0.1
   eye: lumL/R 0.396/0.426 contrastL/R +0.00/+0.00 R1-6 40/40 Hz | R1-6 19.6/31.2  R7 30.2/36.3  R8 32.4/35.5  L1 20.0/14.8  L2 9.8/6.4  L3 21.4/19.4  Mi1 3.2/4.7  Tm3 2.7/5.5  Tm1 5.5/4.5  Tm2 4.0/4.1  Tm9 0.2/0.5  T4a 0.0/0.6  T4b 0.0/0.5  T4c 0.1/0.4  T4d 0.1/0.2  T5a 0.0/0.3  T5b 0.0/0.0  T5c 0.1/0.1  T5d 0.0/0.1  LC4 0.0/0.0  LPLC1 0.0/0.0  LPLC2 0.0/0.0  LC6 0.0/0.0  DNp01 0.0/0.0  DNp02 0.0/0.0  DNp11 0.0/0.0
t=2.9s spikes/s=1328567 gpu=31.9ms fps=28 | pos=(-2.0,7.0) spd=0.00 turn=0.00 air=false feed=false esc=0 hunger=0.80
   DN: P9 0.0/0.0  DNa02 89.6/0.0  MDN 0.0  GF 0.0  MN9 0.0 | odourL/R 0.02/0.02 loom 0.0
   Hz: OpticL=5.1 OpticR=6.2 AntennalL=53.6 AntennalR=52.2 MushroomL=68.2 MushroomR=55.5 LateralL=100.9 LateralR=90.2 Centralx=0.8 SEZy=1.9 AMMCL=0.0 AMMCR=0.0 Centraln=8.1 Descendingg=5.7 Ascendingg=0.1
   eye: lumL/R 0.396/0.426 contrastL/R +0.00/+0.00 R1-6 40/40 Hz | R1-6 19.2/31.8  R7 31.1/34.5  R8 30.9/36.3  L1 20.5/14.9  L2 10.5/6.1  L3 20.9/19.3  Mi1 3.0/3.3  Tm3 2.6/4.4  Tm1 5.5/5.1  Tm2 4.4/3.9  Tm9 0.3/0.7  T4a 0.0/0.9  T4b 0.0/0.4  T4c 0.1/0.6  T4d 0.1/0.2  T5a 0.0/0.2  T5b 0.0/0.1  T5c 0.1/0.1  T5d 0.0/0.3  LC4 0.0/0.0  LPLC1 0.0/0.0  LPLC2 0.0/0.0  LC6 0.0/0.0  DNp01 0.0/0.0  DNp02 0.0/29.9  DNp11 0.0/0.0
t=3.9s spikes/s=1328774 gpu=28.9ms fps=30 | pos=(-2.0,7.0) spd=0.00 turn=0.00 air=false feed=false esc=0 hunger=0.80
   DN: P9 0.0/0.0  DNa02 64.5/0.0  MDN 0.0  GF 0.0  MN9 0.0 | odourL/R 0.02/0.02 loom 0.0
   Hz: OpticL=5.1 OpticR=6.2 AntennalL=53.6 AntennalR=51.3 MushroomL=67.9 MushroomR=55.7 LateralL=97.8 LateralR=88.4 Centralx=1.6 SEZy=1.8 AMMCL=0.0 AMMCR=0.0 Centraln=8.3 Descendingg=5.8 Ascendingg=0.1
   eye: lumL/R 0.396/0.426 contrastL/R +0.00/+0.00 R1-6 40/40 Hz | R1-6 19.3/31.0  R7 30.2/32.7  R8 28.6/35.5  L1 20.7/15.7  L2 10.9/6.6  L3 22.1/20.4  Mi1 2.7/3.2  Tm3 2.7/4.8  Tm1 6.3/5.0  Tm2 5.2/3.9  Tm9 0.2/0.3  T4a 0.1/0.3  T4b 0.1/0.1  T4c 0.2/0.3  T4d 0.0/0.2  T5a 0.0/0.3  T5b 0.0/0.0  T5c 0.0/0.1  T5d 0.0/0.2  LC4 0.0/0.0  LPLC1 0.0/0.0  LPLC2 0.0/0.0  LC6 0.0/0.0  DNp01 0.0/0.0  DNp02 0.0/32.3  DNp11 0.0/0.0
t=4.9s spikes/s=1330156 gpu=28.2ms fps=31 | pos=(-2.0,7.0) spd=0.00 turn=0.00 air=false feed=false esc=0 hunger=0.80
   DN: P9 0.0/0.0  DNa02 62.5/0.0  MDN 0.0  GF 0.0  MN9 0.0 | odourL/R 0.02/0.02 loom 0.0
   Hz: OpticL=5.1 OpticR=6.2 AntennalL=54.4 AntennalR=51.9 MushroomL=67.9 MushroomR=55.6 LateralL=99.6 LateralR=88.4 Centralx=0.9 SEZy=1.6 AMMCL=0.0 AMMCR=0.0 Centraln=8.1 Descendingg=5.8 Ascendingg=0.1
   eye: lumL/R 0.396/0.426 contrastL/R +0.00/+0.00 R1-6 40/40 Hz | R1-6 19.5/31.3  R7 31.8/34.7  R8 29.8/35.0  L1 20.2/15.2  L2 10.9/7.1  L3 21.8/19.6  Mi1 2.5/3.9  Tm3 2.0/5.0  Tm1 6.4/4.6  Tm2 5.3/4.0  Tm9 0.2/0.7  T4a 0.2/0.6  T4b 0.1/0.4  T4c 0.2/0.4  T4d 0.2/0.2  T5a 0.0/0.2  T5b 0.0/0.0  T5c 0.0/0.4  T5d 0.1/0.1  LC4 0.0/0.0  LPLC1 0.0/0.0  LPLC2 0.0/0.0  LC6 0.0/0.0  DNp01 0.0/0.0  DNp02 0.0/31.3  DNp11 0.0/0.0
t=6.0s spikes/s=1334985 gpu=34.0ms fps=32 | pos=(-2.0,7.0) spd=0.00 turn=0.00 air=false feed=false esc=0 hunger=0.80
   DN: P9 0.0/0.0  DNa02 56.3/0.0  MDN 0.0  GF 0.0  MN9 0.0 | odourL/R 0.02/0.02 loom 0.0
   Hz: OpticL=5.1 OpticR=6.4 AntennalL=53.9 AntennalR=51.8 MushroomL=68.4 MushroomR=55.3 LateralL=100.0 LateralR=88.1 Centralx=1.0 SEZy=1.6 AMMCL=0.0 AMMCR=0.0 Centraln=8.1 Descendingg=5.7 Ascendingg=0.1
   eye: lumL/R 0.396/0.426 contrastL/R +0.00/+0.00 R1-6 40/40 Hz | R1-6 18.9/31.4  R7 29.8/35.3  R8 30.0/36.8  L1 20.9/15.4  L2 11.6/7.0  L3 21.2/18.0  Mi1 2.8/4.3  Tm3 2.6/5.8  Tm1 5.8/4.8  Tm2 4.5/3.9  Tm9 0.3/0.4  T4a 0.0/0.6  T4b 0.1/0.5  T4c 0.1/0.5  T4d 0.1/0.1  T5a 0.0/0.0  T5b 0.0/0.0  T5c 0.1/0.1  T5d 0.0/0.2  LC4 0.0/0.0  LPLC1 0.0/0.0  LPLC2 0.0/0.0  LC6 0.0/0.0  DNp01 0.0/0.0  DNp02 0.0/28.2  DNp11 0.0/0.0
t=7.0s spikes/s=1320260 gpu=33.6ms fps=29 | pos=(-2.0,7.0) spd=0.00 turn=0.00 air=false feed=false esc=0 hunger=0.80
   DN: P9 0.0/0.0  DNa02 87.0/0.0  MDN 0.0  GF 0.0  MN9 0.0 | odourL/R 0.02/0.02 loom 0.0
   Hz: OpticL=5.0 OpticR=6.1 AntennalL=54.3 AntennalR=52.2 MushroomL=67.9 MushroomR=55.5 LateralL=99.8 LateralR=87.9 Centralx=0.8 SEZy=1.7 AMMCL=0.0 AMMCR=0.0 Centraln=8.2 Descendingg=5.9 Ascendingg=0.2
   eye: lumL/R 0.396/0.426 contrastL/R +0.00/+0.00 R1-6 40/40 Hz | R1-6 19.1/30.9  R7 29.9/35.1  R8 29.0/35.0  L1 21.0/16.3  L2 10.5/6.7  L3 21.7/19.1  Mi1 2.4/3.8  Tm3 1.7/4.4  Tm1 6.2/5.3  Tm2 4.6/4.0  Tm9 0.4/0.3  T4a 0.2/0.4  T4b 0.2/0.4  T4c 0.2/0.4  T4d 0.1/0.1  T5a 0.1/0.1  T5b 0.0/0.0  T5c 0.1/0.2  T5d 0.1/0.0  LC4 0.0/0.0  LPLC1 0.0/0.0  LPLC2 0.0/0.0  LC6 0.0/0.0  DNp01 0.0/0.0  DNp02 0.0/29.0  DNp11 0.0/0.0
t=8.0s spikes/s=1332799 gpu=33.4ms fps=29 | pos=(-2.0,7.0) spd=0.00 turn=0.00 air=false feed=false esc=0 hunger=0.80
   DN: P9 0.0/0.0  DNa02 57.1/0.0  MDN 0.0  GF 0.0  MN9 0.0 | odourL/R 0.02/0.02 loom 0.0
   Hz: OpticL=5.1 OpticR=6.2 AntennalL=53.9 AntennalR=52.5 MushroomL=68.1 MushroomR=55.3 LateralL=100.7 LateralR=88.6 Centralx=1.0 SEZy=1.8 AMMCL=0.0 AMMCR=0.0 Centraln=8.2 Descendingg=5.7 Ascendingg=0.1
   eye: lumL/R 0.396/0.426 contrastL/R +0.00/+0.00 R1-6 40/40 Hz | R1-6 19.4/31.3  R7 30.8/35.9  R8 30.3/36.7  L1 20.3/15.5  L2 10.7/7.5  L3 21.1/19.2  Mi1 2.4/3.3  Tm3 1.7/3.0  Tm1 6.6/5.1  Tm2 5.6/4.2  Tm9 0.2/0.7  T4a 0.0/0.3  T4b 0.0/0.2  T4c 0.1/0.2  T4d 0.0/0.0  T5a 0.1/0.2  T5b 0.0/0.0  T5c 0.2/0.3  T5d 0.0/0.3  LC4 0.0/0.0  LPLC1 0.0/0.0  LPLC2 0.0/0.0  LC6 0.0/0.0  DNp01 0.0/0.0  DNp02 0.0/28.6  DNp11 0.0/0.0
THREAT launched at t=8.30s from 90
t=9.0s spikes/s=1332356 gpu=36.0ms fps=28 | pos=(-2.0,7.0) spd=0.00 turn=0.00 air=false feed=false esc=0 hunger=0.80
   DN: P9 0.0/0.0  DNa02 54.8/0.0  MDN 0.0  GF 0.0  MN9 0.0 | odourL/R 0.02/0.02 loom 0.8
   Hz: OpticL=5.0 OpticR=6.3 AntennalL=54.1 AntennalR=51.6 MushroomL=68.6 MushroomR=55.6 LateralL=100.5 LateralR=87.5 Centralx=1.0 SEZy=1.9 AMMCL=0.0 AMMCR=0.0 Centraln=8.2 Descendingg=5.6 Ascendingg=0.2
   eye: lumL/R 0.386/0.426 contrastL/R -0.01/+0.00 R1-6 39/40 Hz | R1-6 18.6/31.4  R7 30.0/34.0  R8 30.0/37.9  L1 20.5/15.9  L2 10.4/6.7  L3 21.1/19.5  Mi1 2.3/3.6  Tm3 2.3/4.0  Tm1 6.5/5.3  Tm2 5.2/4.6  Tm9 0.2/0.6  T4a 0.0/0.3  T4b 0.0/0.4  T4c 0.2/0.3  T4d 0.1/0.4  T5a 0.0/0.1  T5b 0.0/0.2  T5c 0.0/0.2  T5d 0.0/0.3  LC4 0.0/0.0  LPLC1 0.0/0.0  LPLC2 0.0/0.0  LC6 0.0/0.0  DNp01 0.0/0.0  DNp02 0.0/27.4  DNp11 0.0/0.0
t=10.0s spikes/s=1375789 gpu=35.7ms fps=27 | pos=(-2.0,7.0) spd=0.00 turn=0.00 air=false feed=false esc=0 hunger=0.80
   DN: P9 0.0/0.0  DNa02 52.6/0.0  MDN 0.0  GF 0.0  MN9 0.0 | odourL/R 0.02/0.02 loom 0.0
   Hz: OpticL=5.5 OpticR=6.7 AntennalL=54.6 AntennalR=52.0 MushroomL=68.1 MushroomR=55.6 LateralL=100.3 LateralR=88.4 Centralx=0.9 SEZy=1.6 AMMCL=0.0 AMMCR=0.0 Centraln=8.2 Descendingg=5.6 Ascendingg=0.2
   eye: lumL/R 0.396/0.426 contrastL/R +0.07/+0.06 R1-6 48/47 Hz | R1-6 21.8/35.7  R7 33.4/40.9  R8 36.1/39.0  L1 20.2/13.7  L2 10.8/5.1  L3 22.0/18.1  Mi1 3.4/4.3  Tm3 3.3/6.8  Tm1 5.6/3.4  Tm2 4.6/2.9  Tm9 0.3/0.3  T4a 0.1/0.8  T4b 0.1/0.4  T4c 0.1/0.6  T4d 0.0/0.5  T5a 0.0/0.0  T5b 0.0/0.0  T5c 0.1/0.0  T5d 0.0/0.0  LC4 0.0/0.0  LPLC1 0.0/0.0  LPLC2 0.0/0.0  LC6 0.0/0.0  DNp01 0.0/0.0  DNp02 0.0/26.3  DNp11 0.0/0.0
t=11.1s spikes/s=1393680 gpu=34.9ms fps=27 | pos=(-2.0,7.0) spd=0.00 turn=0.00 air=false feed=false esc=0 hunger=0.80
   DN: P9 0.0/0.0  DNa02 53.3/0.0  MDN 0.0  GF 0.0  MN9 0.0 | odourL/R 0.78/0.75 loom 0.0
   Hz: OpticL=5.2 OpticR=6.5 AntennalL=63.3 AntennalR=61.0 MushroomL=69.6 MushroomR=57.0 LateralL=102.3 LateralR=91.4 Centralx=0.9 SEZy=1.6 AMMCL=0.0 AMMCR=0.0 Centraln=8.3 Descendingg=5.6 Ascendingg=0.2
   eye: lumL/R 0.395/0.426 contrastL/R +0.02/+0.02 R1-6 42/43 Hz | R1-6 20.5/33.1  R7 32.1/35.0  R8 28.0/39.1  L1 20.1/14.4  L2 10.6/6.7  L3 20.7/19.3  Mi1 2.8/4.4  Tm3 2.5/5.7  Tm1 5.9/4.2  Tm2 4.7/3.4  Tm9 0.3/0.2  T4a 0.1/0.4  T4b 0.0/0.2  T4c 0.2/0.3  T4d 0.2/0.2  T5a 0.0/0.0  T5b 0.0/0.0  T5c 0.1/0.0  T5d 0.1/0.1  LC4 0.0/0.0  LPLC1 0.0/0.0  LPLC2 0.0/0.0  LC6 0.0/0.0  DNp01 0.0/0.0  DNp02 0.0/26.7  DNp11 0.0/0.0
t=12.1s spikes/s=1383969 gpu=30.8ms fps=27 | pos=(-2.0,7.0) spd=0.00 turn=0.00 air=false feed=false esc=0 hunger=0.80
   DN: P9 0.0/0.0  DNa02 60.6/0.0  MDN 0.0  GF 0.0  MN9 0.0 | odourL/R 0.78/0.75 loom 0.0
   Hz: OpticL=5.1 OpticR=6.4 AntennalL=62.5 AntennalR=60.7 MushroomL=69.6 MushroomR=57.3 LateralL=100.6 LateralR=91.1 Centralx=0.9 SEZy=1.6 AMMCL=0.0 AMMCR=0.0 Centraln=8.4 Descendingg=5.7 Ascendingg=0.1
   eye: lumL/R 0.395/0.426 contrastL/R +0.01/+0.01 R1-6 41/41 Hz | R1-6 19.7/31.6  R7 30.7/36.0  R8 29.3/37.6  L1 20.1/15.7  L2 10.9/7.8  L3 20.8/19.7  Mi1 2.0/3.5  Tm3 2.1/4.6  Tm1 6.8/5.0  Tm2 5.0/4.5  Tm9 0.2/0.4  T4a 0.1/0.5  T4b 0.0/0.4  T4c 0.2/0.5  T4d 0.1/0.2  T5a 0.1/0.2  T5b 0.0/0.1  T5c 0.2/0.2  T5d 0.0/0.0  LC4 0.0/0.0  LPLC1 0.0/0.0  LPLC2 0.0/0.0  LC6 0.0/0.0  DNp01 0.0/0.0  DNp02 0.0/30.3  DNp11 0.0/0.0
t=13.1s spikes/s=1366235 gpu=32.5ms fps=30 | pos=(-2.0,7.0) spd=0.00 turn=0.00 air=false feed=false esc=0 hunger=0.80
   DN: P9 0.0/0.0  DNa02 58.8/0.0  MDN 0.0  GF 0.0  MN9 0.0 | odourL/R 0.78/0.75 loom 0.0
   Hz: OpticL=5.1 OpticR=6.3 AntennalL=60.8 AntennalR=59.0 MushroomL=68.8 MushroomR=56.8 LateralL=100.7 LateralR=89.1 Centralx=0.9 SEZy=1.8 AMMCL=0.0 AMMCR=0.0 Centraln=8.3 Descendingg=5.3 Ascendingg=0.1
   eye: lumL/R 0.395/0.426 contrastL/R +0.00/+0.00 R1-6 40/40 Hz | R1-6 19.4/31.2  R7 28.8/34.7  R8 30.7/35.5  L1 19.6/15.2  L2 10.6/7.2  L3 20.6/19.6  Mi1 2.6/3.9  Tm3 2.1/5.3  Tm1 6.1/4.3  Tm2 5.1/3.8  Tm9 0.2/0.9  T4a 0.1/0.7  T4b 0.2/0.6  T4c 0.1/0.7  T4d 0.0/0.6  T5a 0.1/0.2  T5b 0.0/0.0  T5c 0.0/0.2  T5d 0.0/0.2  LC4 0.0/0.0  LPLC1 0.0/0.0  LPLC2 0.0/0.0  LC6 0.0/0.0  DNp01 0.0/0.0  DNp02 0.0/29.4  DNp11 0.0/0.0
t=14.1s spikes/s=1351194 gpu=31.7ms fps=29 | pos=(-2.0,7.0) spd=0.00 turn=0.00 air=false feed=false esc=0 hunger=0.80
   DN: P9 0.0/0.0  DNa02 29.9/0.0  MDN 0.0  GF 0.0  MN9 0.0 | odourL/R 0.78/0.75 loom 0.0
   Hz: OpticL=5.1 OpticR=6.1 AntennalL=60.1 AntennalR=58.0 MushroomL=69.0 MushroomR=56.7 LateralL=100.6 LateralR=89.4 Centralx=1.0 SEZy=1.7 AMMCL=0.0 AMMCR=0.0 Centraln=8.2 Descendingg=5.2 Ascendingg=0.2
   eye: lumL/R 0.395/0.426 contrastL/R +0.00/+0.00 R1-6 40/40 Hz | R1-6 19.4/31.2  R7 29.6/35.5  R8 30.1/36.7  L1 20.1/14.9  L2 11.1/6.8  L3 21.5/18.3  Mi1 2.1/3.2  Tm3 1.2/3.5  Tm1 6.3/4.8  Tm2 5.7/3.8  Tm9 0.2/0.4  T4a 0.0/0.4  T4b 0.0/0.2  T4c 0.2/0.1  T4d 0.0/0.3  T5a 0.0/0.0  T5b 0.0/0.0  T5c 0.1/0.0  T5d 0.0/0.0  LC4 0.0/0.0  LPLC1 0.0/0.0  LPLC2 0.0/0.0  LC6 0.0/0.0  DNp01 0.0/0.0  DNp02 0.0/29.9  DNp11 0.0/0.0
t=15.1s spikes/s=1352724 gpu=30.8ms fps=30 | pos=(-2.0,7.0) spd=0.00 turn=0.00 air=false feed=false esc=0 hunger=0.80
   DN: P9 0.0/0.0  DNa02 58.0/0.0  MDN 0.0  GF 0.0  MN9 0.0 | odourL/R 0.78/0.75 loom 0.0
   Hz: OpticL=5.0 OpticR=6.3 AntennalL=59.8 AntennalR=57.1 MushroomL=68.9 MushroomR=56.4 LateralL=100.8 LateralR=89.2 Centralx=0.9 SEZy=1.6 AMMCL=0.0 AMMCR=0.0 Centraln=8.1 Descendingg=5.8 Ascendingg=0.1
   eye: lumL/R 0.395/0.426 contrastL/R +0.00/+0.00 R1-6 40/40 Hz | R1-6 19.1/30.9  R7 32.2/35.3  R8 29.0/37.6  L1 19.9/15.6  L2 10.4/7.1  L3 21.9/19.7  Mi1 2.8/3.7  Tm3 1.9/4.7  Tm1 5.4/4.6  Tm2 4.5/3.9  Tm9 0.2/0.5  T4a 0.0/0.4  T4b 0.1/0.4  T4c 0.2/0.6  T4d 0.0/0.4  T5a 0.0/0.2  T5b 0.0/0.0  T5c 0.1/0.1  T5d 0.0/0.3  LC4 0.0/0.0  LPLC1 0.0/0.0  LPLC2 0.0/0.0  LC6 0.0/0.0  DNp01 0.0/0.0  DNp02 0.0/58.0  DNp11 0.0/0.0
t=16.1s spikes/s=1368985 gpu=31.7ms fps=29 | pos=(-2.0,7.0) spd=0.00 turn=0.00 air=false feed=false esc=0 hunger=0.80
   DN: P9 0.0/0.0  DNa02 29.9/0.0  MDN 0.0  GF 0.0  MN9 0.0 | odourL/R 0.78/0.75 loom 0.0
   Hz: OpticL=5.1 OpticR=6.4 AntennalL=59.0 AntennalR=57.1 MushroomL=68.8 MushroomR=56.5 LateralL=101.9 LateralR=88.9 Centralx=1.1 SEZy=1.8 AMMCL=0.0 AMMCR=0.0 Centraln=8.2 Descendingg=5.8 Ascendingg=0.2
   eye: lumL/R 0.395/0.426 contrastL/R +0.00/+0.00 R1-6 40/40 Hz | R1-6 19.5/30.9  R7 30.5/33.7  R8 29.6/36.7  L1 19.4/15.1  L2 9.7/6.6  L3 21.7/20.8  Mi1 3.6/4.1  Tm3 3.5/5.9  Tm1 5.5/4.5  Tm2 4.8/4.3  Tm9 0.2/0.4  T4a 0.1/0.9  T4b 0.1/0.4  T4c 0.1/0.9  T4d 0.3/0.6  T5a 0.1/0.1  T5b 0.0/0.0  T5c 0.0/0.0  T5d 0.0/0.2  LC4 0.0/0.0  LPLC1 0.0/0.0  LPLC2 0.0/0.0  LC6 0.0/0.0  DNp01 0.0/0.0  DNp02 0.0/29.9  DNp11 0.0/0.0
screenshot: F:/Fruit Fly Experiment/screenshots/loom_b6.0_a90.png
