Godot Engine v4.6.stable.official.89cea1439 - https://godotengine.org
Vulkan 1.4.341 - Forward+ - Using Device #0: NVIDIA - NVIDIA GeForce RTX 2080

FLY-UI: 138639 neurons, 15091983 synaptic edges (flywire_v783)
optic lobe: FlyVis flow/0000/000 graded model, 45669 cells x 2 eyes driving 46229 FlyWire neurons (gain 60 Hz)
graded optic lobe + VPN dendrites: 39647 units, 5002169 synaptic edges, VPN soma coupling 19.0 mV/unit
t=0.7s spikes/s=1231382 gpu=35.7ms fps=19 | pos=(-2.0,7.0) spd=0.00 turn=0.00 air=false feed=false esc=0 hunger=0.80
   DN: P9 0.0/0.0  DNa02 58.8/0.0  MDN 0.0  GF 0.0  MN9 0.0 | odourL/R 0.02/0.02 loom 0.0
   Hz: OpticL=4.0 OpticR=5.2 AntennalL=54.2 AntennalR=51.7 MushroomL=68.0 MushroomR=55.2 LateralL=99.3 LateralR=87.3 Centralx=1.0 SEZy=1.4 AMMCL=0.0 AMMCR=0.0 Centraln=8.5 Descendingg=5.7 Ascendingg=0.1
   eye: lumL/R 0.396/0.426 contrastL/R +0.00/+0.00 R1-6 40/40 Hz | R1-6 19.4/30.6  R7 29.6/35.9  R8 30.2/34.3  L1 0.0/0.0  L2 0.0/0.0  L3 0.4/0.2  Mi1 3.9/4.5  Tm3 5.0/6.3  Tm1 0.0/0.0  Tm2 0.0/0.0  Tm9 0.2/0.0  T4a 1.2/0.5  T4b 0.9/0.3  T4c 0.2/0.3  T4d 0.4/0.0  T5a 1.8/1.9  T5b 0.5/0.0  T5c 0.8/0.5  T5d 1.6/1.2  LC4 4.4/6.5  LPLC1 0.0/0.0  LPLC2 0.0/0.0  LC6 0.0/0.0  DNp01 0.0/0.0  DNp02 0.0/58.8  DNp11 0.0/0.0
t=1.6s spikes/s=1241382 gpu=36.5ms fps=25 | pos=(-2.0,7.0) spd=0.00 turn=0.00 air=false feed=false esc=0 hunger=0.80
   DN: P9 0.0/0.0  DNa02 29.4/0.0  MDN 0.0  GF 0.0  MN9 0.0 | odourL/R 0.02/0.02 loom 0.0
   Hz: OpticL=4.0 OpticR=5.3 AntennalL=54.3 AntennalR=52.3 MushroomL=67.9 MushroomR=55.4 LateralL=100.1 LateralR=89.1 Centralx=0.9 SEZy=1.7 AMMCL=0.0 AMMCR=0.0 Centraln=8.5 Descendingg=6.0 Ascendingg=0.1
   eye: lumL/R 0.396/0.426 contrastL/R +0.00/+0.00 R1-6 40/40 Hz | R1-6 19.2/31.2  R7 29.5/35.7  R8 31.9/37.4  L1 0.0/0.0  L2 0.1/0.0  L3 0.5/0.4  Mi1 4.4/5.7  Tm3 4.8/6.5  Tm1 0.0/0.0  Tm2 0.1/0.0  Tm9 0.2/0.0  T4a 1.0/0.4  T4b 0.7/0.3  T4c 0.7/0.6  T4d 0.3/0.1  T5a 1.6/1.1  T5b 0.4/0.1  T5c 0.8/0.6  T5d 0.7/0.4  LC4 5.4/7.1  LPLC1 0.0/0.0  LPLC2 0.0/0.0  LC6 0.0/0.0  DNp01 0.0/0.0  DNp02 0.0/29.4  DNp11 0.0/0.0
t=2.5s spikes/s=1246529 gpu=36.3ms fps=25 | pos=(-2.0,7.0) spd=0.00 turn=0.00 air=false feed=false esc=0 hunger=0.80
   DN: P9 0.0/0.0  DNa02 88.2/0.0  MDN 0.0  GF 0.0  MN9 0.0 | odourL/R 0.02/0.02 loom 0.0
   Hz: OpticL=4.0 OpticR=5.4 AntennalL=54.1 AntennalR=52.3 MushroomL=68.3 MushroomR=55.8 LateralL=100.2 LateralR=88.2 Centralx=0.8 SEZy=1.8 AMMCL=0.0 AMMCR=0.0 Centraln=8.5 Descendingg=6.2 Ascendingg=0.2
   eye: lumL/R 0.396/0.426 contrastL/R +0.00/+0.00 R1-6 40/40 Hz | R1-6 19.0/31.6  R7 29.2/34.6  R8 29.7/38.3  L1 0.0/0.0  L2 0.0/0.0  L3 0.3/0.2  Mi1 4.1/5.8  Tm3 5.2/6.3  Tm1 0.1/0.0  Tm2 0.0/0.0  Tm9 0.3/0.1  T4a 1.3/0.7  T4b 0.8/0.4  T4c 0.6/0.5  T4d 0.3/0.2  T5a 1.1/1.6  T5b 0.5/0.1  T5c 0.9/0.5  T5d 0.8/0.4  LC4 5.4/7.1  LPLC1 0.0/0.0  LPLC2 0.0/0.0  LC6 0.0/0.0  DNp01 0.0/0.0  DNp02 0.0/58.8  DNp11 0.0/0.0
t=3.4s spikes/s=1236941 gpu=38.6ms fps=26 | pos=(-2.0,7.0) spd=0.00 turn=0.00 air=false feed=false esc=0 hunger=0.80
   DN: P9 0.0/0.0  DNa02 88.2/0.0  MDN 0.0  GF 0.0  MN9 0.0 | odourL/R 0.02/0.02 loom 0.0
   Hz: OpticL=4.1 OpticR=5.1 AntennalL=54.4 AntennalR=51.6 MushroomL=68.4 MushroomR=55.0 LateralL=100.7 LateralR=88.3 Centralx=1.4 SEZy=1.8 AMMCL=0.0 AMMCR=0.0 Centraln=8.4 Descendingg=6.2 Ascendingg=0.2
   eye: lumL/R 0.396/0.426 contrastL/R +0.00/+0.00 R1-6 40/40 Hz | R1-6 19.4/30.1  R7 30.2/35.4  R8 30.2/33.2  L1 0.0/0.0  L2 0.0/0.0  L3 0.5/0.4  Mi1 4.3/5.5  Tm3 5.6/6.3  Tm1 0.0/0.0  Tm2 0.1/0.0  Tm9 0.2/0.1  T4a 1.1/0.6  T4b 1.3/0.5  T4c 0.5/0.5  T4d 0.4/0.2  T5a 1.7/1.2  T5b 0.3/0.2  T5c 0.8/0.8  T5d 0.6/0.6  LC4 4.9/7.6  LPLC1 0.0/0.0  LPLC2 0.0/0.0  LC6 0.0/0.0  DNp01 0.0/0.0  DNp02 0.0/29.4  DNp11 0.0/0.0
t=4.2s spikes/s=1244352 gpu=37.7ms fps=25 | pos=(-2.0,7.0) spd=0.00 turn=0.00 air=false feed=false esc=0 hunger=0.80
   DN: P9 0.0/0.0  DNa02 88.2/0.0  MDN 0.0  GF 0.0  MN9 0.0 | odourL/R 0.02/0.02 loom 0.0
   Hz: OpticL=4.0 OpticR=5.4 AntennalL=54.4 AntennalR=52.2 MushroomL=68.2 MushroomR=54.9 LateralL=100.1 LateralR=87.0 Centralx=1.0 SEZy=1.9 AMMCL=0.0 AMMCR=0.0 Centraln=8.5 Descendingg=6.0 Ascendingg=0.2
   eye: lumL/R 0.396/0.426 contrastL/R +0.00/+0.00 R1-6 40/40 Hz | R1-6 19.2/31.6  R7 28.1/35.8  R8 31.0/35.6  L1 0.0/0.0  L2 0.0/0.0  L3 0.4/0.4  Mi1 4.1/6.0  Tm3 4.6/6.7  Tm1 0.1/0.0  Tm2 0.0/0.0  Tm9 0.2/0.1  T4a 1.0/0.7  T4b 1.3/0.3  T4c 0.9/0.2  T4d 0.3/0.2  T5a 1.7/1.4  T5b 0.2/0.0  T5c 0.6/0.6  T5d 0.8/0.3  LC4 6.0/6.5  LPLC1 0.0/0.0  LPLC2 0.0/0.0  LC6 0.0/0.0  DNp01 0.0/0.0  DNp02 0.0/58.8  DNp11 0.0/0.0
t=5.1s spikes/s=1242117 gpu=37.3ms fps=25 | pos=(-2.0,7.0) spd=0.00 turn=0.00 air=false feed=false esc=0 hunger=0.80
   DN: P9 0.0/0.0  DNa02 88.2/0.0  MDN 0.0  GF 0.0  MN9 0.0 | odourL/R 0.02/0.02 loom 0.0
   Hz: OpticL=4.1 OpticR=5.2 AntennalL=53.9 AntennalR=51.9 MushroomL=68.2 MushroomR=55.3 LateralL=100.5 LateralR=89.1 Centralx=1.1 SEZy=1.5 AMMCL=0.0 AMMCR=0.0 Centraln=8.5 Descendingg=6.2 Ascendingg=0.2
   eye: lumL/R 0.396/0.426 contrastL/R +0.00/+0.00 R1-6 40/40 Hz | R1-6 19.4/30.9  R7 31.8/34.4  R8 30.7/36.9  L1 0.0/0.0  L2 0.0/0.0  L3 0.3/0.1  Mi1 4.0/5.2  Tm3 5.8/6.7  Tm1 0.1/0.0  Tm2 0.0/0.0  Tm9 0.2/0.0  T4a 1.0/0.6  T4b 1.4/0.4  T4c 0.6/0.4  T4d 0.5/0.1  T5a 1.4/1.7  T5b 0.3/0.1  T5c 0.8/0.6  T5d 0.8/0.4  LC4 4.9/7.1  LPLC1 0.0/0.0  LPLC2 0.0/0.0  LC6 0.0/0.0  DNp01 0.0/0.0  DNp02 0.0/29.4  DNp11 0.0/0.0
t=6.0s spikes/s=1239911 gpu=36.9ms fps=25 | pos=(-2.0,7.0) spd=0.00 turn=0.00 air=false feed=false esc=0 hunger=0.80
   DN: P9 0.0/0.0  DNa02 58.8/0.0  MDN 0.0  GF 0.0  MN9 0.0 | odourL/R 0.02/0.02 loom 0.0
   Hz: OpticL=4.1 OpticR=5.3 AntennalL=53.7 AntennalR=51.6 MushroomL=68.2 MushroomR=54.6 LateralL=100.0 LateralR=87.1 Centralx=0.9 SEZy=1.8 AMMCL=0.0 AMMCR=0.0 Centraln=8.5 Descendingg=6.2 Ascendingg=0.1
   eye: lumL/R 0.396/0.426 contrastL/R +0.00/+0.00 R1-6 40/40 Hz | R1-6 19.7/31.4  R7 30.7/36.6  R8 30.9/33.2  L1 0.0/0.0  L2 0.0/0.0  L3 0.3/0.3  Mi1 5.4/6.2  Tm3 5.1/6.6  Tm1 0.0/0.0  Tm2 0.0/0.0  Tm9 0.3/0.1  T4a 1.1/0.6  T4b 0.8/0.4  T4c 0.6/0.5  T4d 0.4/0.1  T5a 2.1/1.3  T5b 0.4/0.2  T5c 0.6/0.9  T5d 0.7/0.6  LC4 3.8/6.5  LPLC1 0.0/0.0  LPLC2 0.0/0.0  LC6 0.0/0.0  DNp01 0.0/0.0  DNp02 0.0/29.4  DNp11 0.0/0.0
t=6.9s spikes/s=1230588 gpu=36.9ms fps=25 | pos=(-2.0,7.0) spd=0.00 turn=0.00 air=false feed=false esc=0 hunger=0.80
   DN: P9 0.0/0.0  DNa02 58.8/0.0  MDN 0.0  GF 0.0  MN9 0.0 | odourL/R 0.02/0.02 loom 0.0
   Hz: OpticL=4.0 OpticR=5.1 AntennalL=53.7 AntennalR=51.7 MushroomL=67.9 MushroomR=55.6 LateralL=98.9 LateralR=89.0 Centralx=1.1 SEZy=1.9 AMMCL=0.0 AMMCR=0.0 Centraln=8.4 Descendingg=5.8 Ascendingg=0.2
   eye: lumL/R 0.396/0.426 contrastL/R +0.00/+0.00 R1-6 40/40 Hz | R1-6 19.1/30.3  R7 29.9/34.2  R8 28.9/34.5  L1 0.0/0.0  L2 0.0/0.0  L3 0.3/0.2  Mi1 4.1/5.2  Tm3 5.5/6.2  Tm1 0.1/0.0  Tm2 0.2/0.0  Tm9 0.3/0.0  T4a 1.4/0.6  T4b 1.3/0.4  T4c 0.8/0.4  T4d 0.6/0.3  T5a 1.7/1.2  T5b 0.6/0.2  T5c 0.9/0.9  T5d 1.0/0.4  LC4 5.4/7.6  LPLC1 0.0/0.0  LPLC2 0.0/0.0  LC6 0.0/0.0  DNp01 0.0/0.0  DNp02 0.0/29.4  DNp11 0.0/0.0
t=7.7s spikes/s=1243029 gpu=37.4ms fps=24 | pos=(-2.0,7.0) spd=0.00 turn=0.00 air=false feed=false esc=0 hunger=0.80
   DN: P9 0.0/0.0  DNa02 88.2/0.0  MDN 0.0  GF 0.0  MN9 0.0 | odourL/R 0.02/0.02 loom 0.0
   Hz: OpticL=4.1 OpticR=5.2 AntennalL=54.0 AntennalR=52.2 MushroomL=68.7 MushroomR=55.7 LateralL=100.9 LateralR=89.0 Centralx=0.8 SEZy=1.5 AMMCL=0.0 AMMCR=0.0 Centraln=8.5 Descendingg=5.7 Ascendingg=0.2
   eye: lumL/R 0.396/0.426 contrastL/R +0.00/+0.00 R1-6 40/40 Hz | R1-6 19.7/31.1  R7 30.6/33.5  R8 31.7/35.1  L1 0.0/0.0  L2 0.0/0.0  L3 0.3/0.3  Mi1 4.7/5.5  Tm3 4.6/6.7  Tm1 0.0/0.0  Tm2 0.1/0.0  Tm9 0.2/0.0  T4a 1.4/0.5  T4b 1.2/0.5  T4c 0.6/0.3  T4d 0.2/0.1  T5a 1.4/1.0  T5b 0.4/0.2  T5c 0.8/0.5  T5d 0.6/0.6  LC4 5.4/8.2  LPLC1 0.0/0.0  LPLC2 0.0/0.0  LC6 0.0/0.0  DNp01 0.0/0.0  DNp02 0.0/29.4  DNp11 0.0/0.0
THREAT launched at t=8.12s from 90
t=8.6s spikes/s=1237411 gpu=40.5ms fps=25 | pos=(-2.0,7.0) spd=0.00 turn=0.00 air=false feed=false esc=0 hunger=0.80
   DN: P9 0.0/0.0  DNa02 58.8/0.0  MDN 0.0  GF 0.0  MN9 0.0 | odourL/R 0.02/0.02 loom 0.3
   Hz: OpticL=3.9 OpticR=5.3 AntennalL=54.0 AntennalR=52.0 MushroomL=68.2 MushroomR=55.3 LateralL=99.0 LateralR=90.1 Centralx=1.0 SEZy=1.6 AMMCL=0.0 AMMCR=0.0 Centraln=8.4 Descendingg=6.2 Ascendingg=0.1
   eye: lumL/R 0.390/0.426 contrastL/R -0.01/+0.00 R1-6 39/40 Hz | R1-6 18.6/31.7  R7 29.6/34.9  R8 29.6/35.5  L1 0.0/0.0  L2 0.0/0.0  L3 0.2/0.3  Mi1 4.6/5.1  Tm3 4.6/6.2  Tm1 0.0/0.0  Tm2 0.1/0.0  Tm9 0.3/0.0  T4a 1.3/0.6  T4b 1.2/0.3  T4c 0.6/0.4  T4d 0.5/0.2  T5a 1.9/1.2  T5b 0.4/0.2  T5c 0.9/0.9  T5d 0.8/0.5  LC4 4.4/8.2  LPLC1 0.0/0.0  LPLC2 0.0/0.0  LC6 0.0/0.0  DNp01 0.0/0.0  DNp02 0.0/29.4  DNp11 0.0/0.0
t=9.4s spikes/s=1312911 gpu=39.8ms fps=25 | pos=(-2.0,7.0) spd=0.00 turn=0.00 air=false feed=false esc=0 hunger=0.80
   DN: P9 0.0/0.0  DNa02 29.4/0.0  MDN 0.0  GF 0.0  MN9 0.0 | odourL/R 0.02/0.02 loom 0.0
   Hz: OpticL=5.6 OpticR=5.4 AntennalL=54.0 AntennalR=51.8 MushroomL=67.9 MushroomR=55.2 LateralL=99.1 LateralR=87.7 Centralx=0.8 SEZy=1.9 AMMCL=0.0 AMMCR=0.0 Centraln=8.2 Descendingg=5.6 Ascendingg=0.1
   eye: lumL/R 0.396/0.320 contrastL/R +0.08/-0.15 R1-6 50/36 Hz | R1-6 23.2/26.9  R7 36.1/28.0  R8 38.4/27.7  L1 0.0/0.0  L2 0.0/0.0  L3 0.4/2.6  Mi1 6.3/4.6  Tm3 7.7/2.2  Tm1 0.0/1.0  Tm2 0.2/3.2  Tm9 0.2/5.6  T4a 7.0/3.7  T4b 6.6/2.3  T4c 4.4/2.8  T4d 0.3/0.6  T5a 3.1/4.8  T5b 0.9/3.1  T5c 1.2/8.8  T5d 2.4/7.4  LC4 10.9/0.6  LPLC1 0.0/0.0  LPLC2 0.0/0.0  LC6 0.0/0.0  DNp01 0.0/0.0  DNp02 29.4/0.0  DNp11 0.0/0.0
t=10.3s spikes/s=1255735 gpu=39.7ms fps=24 | pos=(-2.0,7.0) spd=0.00 turn=0.00 air=false feed=false esc=0 hunger=0.80
   DN: P9 0.0/0.0  DNa02 58.8/0.0  MDN 0.0  GF 0.0  MN9 0.0 | odourL/R 0.02/0.02 loom 0.0
   Hz: OpticL=4.2 OpticR=5.5 AntennalL=53.6 AntennalR=51.5 MushroomL=68.0 MushroomR=55.2 LateralL=100.1 LateralR=87.1 Centralx=0.9 SEZy=1.7 AMMCL=0.0 AMMCR=0.0 Centraln=8.5 Descendingg=6.1 Ascendingg=0.2
   eye: lumL/R 0.396/0.426 contrastL/R +0.03/+0.02 R1-6 43/43 Hz | R1-6 20.2/33.5  R7 31.4/36.0  R8 33.3/37.7  L1 0.0/0.0  L2 0.0/0.0  L3 0.4/0.2  Mi1 4.9/4.9  Tm3 5.1/6.9  Tm1 0.0/0.0  Tm2 0.1/0.0  Tm9 0.3/0.1  T4a 1.1/1.0  T4b 0.9/0.3  T4c 0.7/0.3  T4d 0.3/0.2  T5a 1.7/0.9  T5b 0.4/0.1  T5c 0.8/0.8  T5d 0.9/0.5  LC4 6.0/8.2  LPLC1 0.0/0.0  LPLC2 0.0/0.0  LC6 0.0/0.0  DNp01 0.0/0.0  DNp02 0.0/29.4  DNp11 0.0/0.0
t=11.1s spikes/s=1239911 gpu=40.1ms fps=25 | pos=(-2.0,7.0) spd=0.00 turn=0.00 air=false feed=false esc=0 hunger=0.80
   DN: P9 0.0/0.0  DNa02 88.2/0.0  MDN 0.0  GF 0.0  MN9 0.0 | odourL/R 0.02/0.02 loom 0.0
   Hz: OpticL=4.1 OpticR=5.3 AntennalL=54.2 AntennalR=51.9 MushroomL=68.1 MushroomR=55.2 LateralL=100.1 LateralR=88.3 Centralx=1.0 SEZy=2.1 AMMCL=0.0 AMMCR=0.0 Centraln=8.4 Descendingg=6.0 Ascendingg=0.2
   eye: lumL/R 0.396/0.426 contrastL/R +0.01/+0.01 R1-6 41/41 Hz | R1-6 19.8/30.9  R7 29.9/37.1  R8 30.9/36.0  L1 0.0/0.0  L2 0.0/0.0  L3 0.5/0.3  Mi1 4.9/4.8  Tm3 4.9/7.0  Tm1 0.0/0.0  Tm2 0.1/0.0  Tm9 0.2/0.0  T4a 1.1/0.5  T4b 0.9/0.4  T4c 1.0/0.5  T4d 0.5/0.1  T5a 1.7/1.3  T5b 0.5/0.1  T5c 0.7/0.6  T5d 0.8/0.5  LC4 4.9/7.6  LPLC1 0.0/0.0  LPLC2 0.0/0.0  LC6 0.0/0.0  DNp01 0.0/0.0  DNp02 0.0/29.4  DNp11 0.0/0.0
t=12.0s spikes/s=1235176 gpu=41.4ms fps=25 | pos=(-2.0,7.0) spd=0.00 turn=0.00 air=false feed=false esc=0 hunger=0.80
   DN: P9 0.0/0.0  DNa02 58.8/0.0  MDN 0.0  GF 0.0  MN9 0.0 | odourL/R 0.02/0.02 loom 0.0
   Hz: OpticL=4.0 OpticR=5.3 AntennalL=53.6 AntennalR=51.9 MushroomL=67.9 MushroomR=55.3 LateralL=99.9 LateralR=87.3 Centralx=0.8 SEZy=1.5 AMMCL=0.0 AMMCR=0.0 Centraln=8.4 Descendingg=5.9 Ascendingg=0.2
   eye: lumL/R 0.396/0.426 contrastL/R +0.00/+0.00 R1-6 40/40 Hz | R1-6 19.1/31.8  R7 28.7/37.8  R8 30.9/36.9  L1 0.0/0.0  L2 0.1/0.0  L3 0.5/0.3  Mi1 4.7/4.7  Tm3 5.5/5.7  Tm1 0.0/0.0  Tm2 0.2/0.0  Tm9 0.2/0.0  T4a 1.3/1.1  T4b 1.1/0.2  T4c 0.5/0.3  T4d 0.3/0.0  T5a 1.3/1.4  T5b 0.4/0.0  T5c 1.2/0.8  T5d 0.5/0.5  LC4 3.8/7.6  LPLC1 0.0/0.0  LPLC2 0.0/0.0  LC6 0.0/0.0  DNp01 0.0/0.0  DNp02 0.0/29.4  DNp11 0.0/0.0
t=12.8s spikes/s=1238558 gpu=39.8ms fps=24 | pos=(-2.0,7.0) spd=0.00 turn=0.00 air=false feed=false esc=0 hunger=0.80
   DN: P9 0.0/0.0  DNa02 29.4/0.0  MDN 0.0  GF 0.0  MN9 0.0 | odourL/R 0.02/0.02 loom 0.0
   Hz: OpticL=4.0 OpticR=5.2 AntennalL=54.6 AntennalR=52.7 MushroomL=68.4 MushroomR=55.1 LateralL=100.7 LateralR=87.8 Centralx=1.0 SEZy=1.6 AMMCL=0.0 AMMCR=0.0 Centraln=8.4 Descendingg=5.9 Ascendingg=0.1
   eye: lumL/R 0.396/0.426 contrastL/R +0.00/+0.00 R1-6 40/40 Hz | R1-6 19.4/31.3  R7 28.1/34.8  R8 30.1/36.0  L1 0.0/0.0  L2 0.0/0.0  L3 0.3/0.4  Mi1 4.0/5.8  Tm3 5.6/7.0  Tm1 0.0/0.0  Tm2 0.0/0.0  Tm9 0.2/0.1  T4a 1.1/0.6  T4b 1.0/0.2  T4c 0.6/0.5  T4d 0.2/0.2  T5a 1.4/1.1  T5b 0.5/0.1  T5c 0.7/0.7  T5d 0.8/0.4  LC4 6.0/6.5  LPLC1 0.0/0.0  LPLC2 0.0/0.0  LC6 0.0/0.0  DNp01 0.0/0.0  DNp02 0.0/58.8  DNp11 0.0/0.0
t=13.7s spikes/s=1231882 gpu=39.0ms fps=25 | pos=(-2.0,7.0) spd=0.00 turn=0.00 air=false feed=false esc=0 hunger=0.80
   DN: P9 0.0/0.0  DNa02 88.2/0.0  MDN 0.0  GF 0.0  MN9 0.0 | odourL/R 0.02/0.02 loom 0.0
   Hz: OpticL=4.0 OpticR=5.2 AntennalL=54.4 AntennalR=52.5 MushroomL=68.1 MushroomR=54.9 LateralL=100.1 LateralR=87.9 Centralx=0.9 SEZy=1.6 AMMCL=0.0 AMMCR=0.0 Centraln=8.3 Descendingg=5.9 Ascendingg=0.1
   eye: lumL/R 0.396/0.426 contrastL/R +0.00/+0.00 R1-6 40/40 Hz | R1-6 19.7/31.6  R7 30.5/35.1  R8 29.7/34.6  L1 0.0/0.0  L2 0.0/0.0  L3 0.6/0.2  Mi1 4.0/5.0  Tm3 6.0/6.0  Tm1 0.0/0.0  Tm2 0.0/0.0  Tm9 0.2/0.1  T4a 1.4/0.7  T4b 0.9/0.2  T4c 0.4/0.5  T4d 0.3/0.0  T5a 1.9/1.2  T5b 0.4/0.0  T5c 1.2/0.6  T5d 0.7/0.2  LC4 5.4/8.8  LPLC1 0.0/0.0  LPLC2 0.0/0.0  LC6 0.0/0.0  DNp01 0.0/0.0  DNp02 0.0/58.8  DNp11 0.0/0.0
t=14.5s spikes/s=1246352 gpu=38.2ms fps=24 | pos=(-2.0,7.0) spd=0.00 turn=0.00 air=false feed=false esc=0 hunger=0.80
   DN: P9 0.0/0.0  DNa02 29.4/0.0  MDN 0.0  GF 0.0  MN9 0.0 | odourL/R 0.02/0.02 loom 0.0
   Hz: OpticL=4.1 OpticR=5.3 AntennalL=53.9 AntennalR=51.8 MushroomL=68.0 MushroomR=55.2 LateralL=98.8 LateralR=88.6 Centralx=0.8 SEZy=1.8 AMMCL=0.0 AMMCR=0.0 Centraln=8.4 Descendingg=6.0 Ascendingg=0.2
   eye: lumL/R 0.396/0.426 contrastL/R +0.00/+0.00 R1-6 40/40 Hz | R1-6 19.9/30.8  R7 31.0/37.7  R8 31.3/35.6  L1 0.0/0.0  L2 0.0/0.0  L3 0.2/0.1  Mi1 5.2/5.2  Tm3 5.0/6.2  Tm1 0.1/0.0  Tm2 0.2/0.0  Tm9 0.1/0.0  T4a 0.7/0.7  T4b 1.0/0.3  T4c 0.6/0.5  T4d 0.4/0.2  T5a 1.3/1.6  T5b 0.3/0.2  T5c 1.1/0.6  T5d 0.6/0.4  LC4 4.9/8.2  LPLC1 0.0/0.0  LPLC2 0.0/0.0  LC6 0.0/0.0  DNp01 0.0/0.0  DNp02 0.0/58.8  DNp11 0.0/0.0
t=15.4s spikes/s=1234764 gpu=38.7ms fps=25 | pos=(-2.0,7.0) spd=0.00 turn=0.00 air=false feed=false esc=0 hunger=0.80
   DN: P9 0.0/0.0  DNa02 58.8/0.0  MDN 0.0  GF 0.0  MN9 0.0 | odourL/R 0.02/0.02 loom 0.0
   Hz: OpticL=4.0 OpticR=5.3 AntennalL=53.4 AntennalR=52.1 MushroomL=68.4 MushroomR=55.2 LateralL=99.1 LateralR=88.2 Centralx=0.7 SEZy=1.5 AMMCL=0.0 AMMCR=0.0 Centraln=8.4 Descendingg=5.5 Ascendingg=0.2
   eye: lumL/R 0.396/0.426 contrastL/R +0.00/+0.00 R1-6 40/40 Hz | R1-6 19.3/31.6  R7 30.5/34.3  R8 30.3/36.9  L1 0.0/0.0  L2 0.0/0.1  L3 0.3/0.1  Mi1 4.7/5.2  Tm3 4.6/6.6  Tm1 0.1/0.0  Tm2 0.1/0.0  Tm9 0.2/0.0  T4a 1.3/0.6  T4b 1.2/0.3  T4c 0.9/0.5  T4d 0.5/0.1  T5a 1.5/0.8  T5b 0.3/0.1  T5c 0.5/0.7  T5d 0.8/0.6  LC4 3.8/8.8  LPLC1 0.0/0.0  LPLC2 0.0/0.0  LC6 0.0/0.0  DNp01 0.0/0.0  DNp02 0.0/29.4  DNp11 0.0/0.0
t=16.2s spikes/s=1242441 gpu=39.6ms fps=25 | pos=(-2.0,7.0) spd=0.00 turn=0.00 air=false feed=false esc=0 hunger=0.80
   DN: P9 0.0/0.0  DNa02 88.2/0.0  MDN 0.0  GF 0.0  MN9 0.0 | odourL/R 0.02/0.02 loom 0.0
   Hz: OpticL=4.0 OpticR=5.3 AntennalL=54.0 AntennalR=51.9 MushroomL=68.9 MushroomR=55.5 LateralL=99.2 LateralR=88.3 Centralx=1.1 SEZy=1.9 AMMCL=0.0 AMMCR=0.0 Centraln=8.5 Descendingg=6.3 Ascendingg=0.1
   eye: lumL/R 0.396/0.426 contrastL/R +0.00/+0.00 R1-6 40/40 Hz | R1-6 19.1/31.2  R7 31.4/36.1  R8 29.0/34.6  L1 0.0/0.0  L2 0.0/0.0  L3 0.2/0.4  Mi1 4.9/4.9  Tm3 4.6/6.5  Tm1 0.0/0.0  Tm2 0.1/0.0  Tm9 0.3/0.1  T4a 1.2/0.6  T4b 0.9/0.6  T4c 0.6/0.1  T4d 0.3/0.2  T5a 1.4/1.6  T5b 0.5/0.2  T5c 0.8/0.7  T5d 0.7/0.6  LC4 4.9/8.2  LPLC1 0.0/0.0  LPLC2 0.0/0.0  LC6 0.0/0.0  DNp01 0.0/0.0  DNp02 0.0/58.8  DNp11 0.0/0.0
screenshot: F:/Fruit Fly Experiment/screenshots/loom_graded_c19_a90.png
