Godot Engine v4.6.stable.official.89cea1439 - https://godotengine.org
Vulkan 1.4.341 - Forward+ - Using Device #0: NVIDIA - NVIDIA GeForce RTX 2080

FLY-UI: 138639 neurons, 15091983 synaptic edges (flywire_v783)
optic lobe: FlyVis flow/0000/000 graded model, 45669 cells x 2 eyes driving 46229 FlyWire neurons (gain 60 Hz)
graded optic lobe + VPN dendrites: 39647 units, 5002169 synaptic edges, VPN soma coupling 38.0 mV/unit
ESCAPE (giant fibre) at t=0.30s
t=0.7s spikes/s=1255588 gpu=41.7ms fps=1 | pos=(-2.0,7.0) spd=0.00 turn=0.00 air=false feed=false esc=1 hunger=0.80
   DN: P9 0.0/0.0  DNa02 0.0/0.0  MDN 0.0  GF 0.0  MN9 0.0 | odourL/R 0.02/0.02 loom 0.0
   Hz: OpticL=4.1 OpticR=5.4 AntennalL=53.8 AntennalR=51.7 MushroomL=68.2 MushroomR=54.8 LateralL=99.2 LateralR=88.8 Centralx=0.9 SEZy=1.8 AMMCL=0.0 AMMCR=0.0 Centraln=8.9 Descendingg=6.2 Ascendingg=0.2
   eye: lumL/R 0.396/0.426 contrastL/R +0.00/+0.00 R1-6 40/40 Hz | R1-6 19.2/31.4  R7 29.2/35.5  R8 29.4/36.3  L1 0.0/0.0  L2 0.0/0.0  L3 0.3/0.2  Mi1 4.2/5.0  Tm3 4.4/5.9  Tm1 0.0/0.0  Tm2 0.0/0.0  Tm9 0.3/0.1  T4a 1.3/0.4  T4b 1.1/0.2  T4c 0.7/0.4  T4d 0.3/0.2  T5a 2.1/1.7  T5b 0.4/0.0  T5c 1.1/0.9  T5d 0.9/1.0  LC4 22.9/33.5  LPLC1 0.0/0.0  LPLC2 0.0/0.0  LC6 0.0/0.0  DNp01 0.0/0.0  DNp02 29.4/88.2  DNp11 0.0/0.0
t=1.5s spikes/s=1263441 gpu=44.1ms fps=22 | pos=(-2.0,7.0) spd=0.00 turn=0.00 air=false feed=false esc=1 hunger=0.80
   DN: P9 0.0/0.0  DNa02 58.8/0.0  MDN 0.0  GF 0.0  MN9 0.0 | odourL/R 0.02/0.02 loom 0.0
   Hz: OpticL=4.2 OpticR=5.4 AntennalL=54.3 AntennalR=52.5 MushroomL=68.0 MushroomR=55.5 LateralL=100.2 LateralR=87.3 Centralx=0.8 SEZy=1.7 AMMCL=0.0 AMMCR=0.0 Centraln=8.9 Descendingg=6.1 Ascendingg=0.2
   eye: lumL/R 0.396/0.426 contrastL/R +0.00/+0.00 R1-6 40/40 Hz | R1-6 19.2/30.8  R7 30.3/35.0  R8 31.7/34.4  L1 0.0/0.0  L2 0.0/0.0  L3 0.3/0.4  Mi1 4.4/5.3  Tm3 5.3/6.3  Tm1 0.0/0.0  Tm2 0.0/0.0  Tm9 0.1/0.1  T4a 1.1/0.8  T4b 1.2/0.3  T4c 0.4/0.3  T4d 0.4/0.2  T5a 2.2/1.5  T5b 0.2/0.2  T5c 0.8/0.6  T5d 0.4/0.7  LC4 22.9/31.8  LPLC1 0.0/0.0  LPLC2 0.0/0.0  LC6 0.0/0.0  DNp01 0.0/0.0  DNp02 58.8/88.2  DNp11 0.0/0.0
t=2.2s spikes/s=1266470 gpu=41.7ms fps=23 | pos=(-2.0,7.0) spd=0.00 turn=0.00 air=false feed=false esc=1 hunger=0.80
   DN: P9 0.0/0.0  DNa02 29.4/0.0  MDN 0.0  GF 0.0  MN9 0.0 | odourL/R 0.02/0.02 loom 0.0
   Hz: OpticL=4.2 OpticR=5.4 AntennalL=54.1 AntennalR=52.2 MushroomL=68.0 MushroomR=55.4 LateralL=98.9 LateralR=86.6 Centralx=1.1 SEZy=1.9 AMMCL=0.0 AMMCR=0.0 Centraln=8.9 Descendingg=6.4 Ascendingg=0.2
   eye: lumL/R 0.396/0.426 contrastL/R +0.00/+0.00 R1-6 40/40 Hz | R1-6 19.5/31.4  R7 30.0/35.3  R8 32.0/33.9  L1 0.0/0.0  L2 0.0/0.0  L3 0.5/0.2  Mi1 4.5/5.3  Tm3 5.2/6.6  Tm1 0.0/0.0  Tm2 0.0/0.0  Tm9 0.3/0.0  T4a 1.2/0.7  T4b 1.0/0.4  T4c 0.5/0.5  T4d 0.4/0.2  T5a 1.6/1.3  T5b 0.4/0.1  T5c 0.3/1.2  T5d 0.8/0.4  LC4 22.9/35.3  LPLC1 0.0/0.0  LPLC2 0.0/0.0  LC6 0.0/0.0  DNp01 0.0/0.0  DNp02 29.4/88.2  DNp11 0.0/0.0
t=3.0s spikes/s=1266117 gpu=42.0ms fps=22 | pos=(-2.0,7.0) spd=0.00 turn=0.00 air=false feed=false esc=1 hunger=0.80
   DN: P9 0.0/0.0  DNa02 0.0/0.0  MDN 0.0  GF 0.0  MN9 0.0 | odourL/R 0.02/0.02 loom 0.0
   Hz: OpticL=4.1 OpticR=5.5 AntennalL=54.0 AntennalR=51.9 MushroomL=68.4 MushroomR=55.1 LateralL=97.8 LateralR=88.1 Centralx=0.8 SEZy=1.9 AMMCL=0.0 AMMCR=0.0 Centraln=8.9 Descendingg=5.8 Ascendingg=0.2
   eye: lumL/R 0.396/0.426 contrastL/R +0.00/+0.00 R1-6 40/40 Hz | R1-6 19.1/31.6  R7 30.1/35.0  R8 32.9/36.5  L1 0.0/0.0  L2 0.0/0.0  L3 0.3/0.3  Mi1 4.7/5.8  Tm3 5.1/7.0  Tm1 0.0/0.0  Tm2 0.0/0.0  Tm9 0.3/0.1  T4a 0.9/0.9  T4b 0.9/0.7  T4c 0.5/0.5  T4d 0.3/0.2  T5a 2.0/1.3  T5b 0.4/0.1  T5c 0.8/0.7  T5d 0.6/0.5  LC4 21.8/31.2  LPLC1 0.0/0.0  LPLC2 0.0/0.0  LC6 0.0/0.0  DNp01 0.0/0.0  DNp02 29.4/88.2  DNp11 0.0/0.0
t=3.8s spikes/s=1258676 gpu=40.1ms fps=23 | pos=(-2.0,7.0) spd=0.00 turn=0.00 air=false feed=false esc=1 hunger=0.80
   DN: P9 0.0/0.0  DNa02 58.8/0.0  MDN 0.0  GF 0.0  MN9 0.0 | odourL/R 0.02/0.02 loom 0.0
   Hz: OpticL=4.1 OpticR=5.4 AntennalL=54.1 AntennalR=51.7 MushroomL=68.3 MushroomR=55.3 LateralL=99.7 LateralR=88.3 Centralx=1.0 SEZy=1.6 AMMCL=0.0 AMMCR=0.0 Centraln=8.9 Descendingg=6.8 Ascendingg=0.2
   eye: lumL/R 0.396/0.426 contrastL/R +0.00/+0.00 R1-6 40/40 Hz | R1-6 19.0/30.9  R7 29.3/35.4  R8 30.1/35.8  L1 0.0/0.0  L2 0.0/0.0  L3 0.3/0.4  Mi1 4.3/5.6  Tm3 5.1/7.0  Tm1 0.0/0.0  Tm2 0.0/0.0  Tm9 0.3/0.0  T4a 0.8/0.7  T4b 0.7/0.6  T4c 0.6/0.5  T4d 0.3/0.1  T5a 1.5/1.2  T5b 0.4/0.1  T5c 0.8/0.9  T5d 0.8/0.8  LC4 20.2/34.1  LPLC1 0.0/0.0  LPLC2 0.0/0.0  LC6 0.0/0.0  DNp01 0.0/0.0  DNp02 58.8/88.2  DNp11 0.0/0.0
t=4.6s spikes/s=1261705 gpu=42.0ms fps=23 | pos=(-2.0,7.0) spd=0.00 turn=0.00 air=false feed=false esc=1 hunger=0.80
   DN: P9 0.0/0.0  DNa02 29.4/0.0  MDN 0.0  GF 0.0  MN9 0.0 | odourL/R 0.02/0.02 loom 0.0
   Hz: OpticL=4.1 OpticR=5.4 AntennalL=53.6 AntennalR=51.6 MushroomL=67.8 MushroomR=55.5 LateralL=98.8 LateralR=89.4 Centralx=1.0 SEZy=1.9 AMMCL=0.0 AMMCR=0.0 Centraln=9.0 Descendingg=5.9 Ascendingg=0.1
   eye: lumL/R 0.396/0.426 contrastL/R +0.00/+0.00 R1-6 40/40 Hz | R1-6 19.0/30.8  R7 29.6/35.8  R8 30.0/36.5  L1 0.0/0.0  L2 0.0/0.0  L3 0.3/0.4  Mi1 4.8/5.2  Tm3 6.8/6.5  Tm1 0.0/0.0  Tm2 0.0/0.0  Tm9 0.3/0.0  T4a 1.3/0.6  T4b 1.0/0.6  T4c 0.4/0.3  T4d 0.2/0.1  T5a 1.5/1.0  T5b 0.3/0.1  T5c 0.8/0.7  T5d 0.6/0.3  LC4 22.9/32.9  LPLC1 0.0/0.0  LPLC2 0.0/0.0  LC6 0.0/0.0  DNp01 0.0/0.0  DNp02 29.4/88.2  DNp11 0.0/0.0
t=5.4s spikes/s=1261970 gpu=44.2ms fps=23 | pos=(-2.0,7.0) spd=0.00 turn=0.00 air=false feed=false esc=1 hunger=0.80
   DN: P9 0.0/0.0  DNa02 88.2/0.0  MDN 0.0  GF 0.0  MN9 0.0 | odourL/R 0.02/0.02 loom 0.0
   Hz: OpticL=4.1 OpticR=5.3 AntennalL=54.2 AntennalR=52.6 MushroomL=68.3 MushroomR=55.7 LateralL=99.7 LateralR=89.6 Centralx=0.9 SEZy=1.6 AMMCL=0.0 AMMCR=0.0 Centraln=9.0 Descendingg=6.5 Ascendingg=0.2
   eye: lumL/R 0.396/0.426 contrastL/R +0.00/+0.00 R1-6 40/40 Hz | R1-6 18.8/30.6  R7 30.3/34.4  R8 30.1/34.5  L1 0.0/0.0  L2 0.0/0.0  L3 0.5/0.3  Mi1 4.5/5.6  Tm3 4.8/7.0  Tm1 0.1/0.0  Tm2 0.0/0.0  Tm9 0.0/0.0  T4a 1.2/0.4  T4b 1.1/0.3  T4c 0.7/0.6  T4d 0.3/0.1  T5a 1.5/1.4  T5b 0.4/0.0  T5c 0.8/0.8  T5d 0.9/0.5  LC4 22.3/35.3  LPLC1 0.0/0.0  LPLC2 0.0/0.0  LC6 0.0/0.0  DNp01 0.0/0.0  DNp02 29.4/88.2  DNp11 0.0/0.0
t=6.1s spikes/s=1263441 gpu=42.7ms fps=22 | pos=(-2.0,7.0) spd=0.00 turn=0.00 air=false feed=false esc=1 hunger=0.80
   DN: P9 0.0/0.0  DNa02 58.8/0.0  MDN 0.0  GF 0.0  MN9 0.0 | odourL/R 0.02/0.02 loom 0.0
   Hz: OpticL=4.2 OpticR=5.4 AntennalL=54.2 AntennalR=52.6 MushroomL=67.9 MushroomR=55.4 LateralL=100.9 LateralR=87.7 Centralx=1.0 SEZy=1.7 AMMCL=0.0 AMMCR=0.0 Centraln=9.0 Descendingg=6.4 Ascendingg=0.2
   eye: lumL/R 0.396/0.426 contrastL/R +0.00/+0.00 R1-6 40/40 Hz | R1-6 19.5/30.9  R7 29.6/35.5  R8 29.1/37.1  L1 0.0/0.0  L2 0.0/0.0  L3 0.5/0.2  Mi1 4.8/5.0  Tm3 5.5/6.7  Tm1 0.0/0.0  Tm2 0.1/0.0  Tm9 0.2/0.1  T4a 1.3/0.8  T4b 1.3/0.4  T4c 0.6/0.3  T4d 0.3/0.1  T5a 1.6/1.2  T5b 0.5/0.2  T5c 0.6/0.9  T5d 0.5/0.4  LC4 23.4/33.5  LPLC1 0.0/0.0  LPLC2 0.0/0.0  LC6 0.0/0.0  DNp01 0.0/0.0  DNp02 29.4/88.2  DNp11 0.0/0.0
t=6.9s spikes/s=1258882 gpu=41.6ms fps=23 | pos=(-2.0,7.0) spd=0.00 turn=0.00 air=false feed=false esc=1 hunger=0.80
   DN: P9 0.0/0.0  DNa02 29.4/0.0  MDN 0.0  GF 0.0  MN9 0.0 | odourL/R 0.02/0.02 loom 0.0
   Hz: OpticL=4.1 OpticR=5.3 AntennalL=53.8 AntennalR=51.8 MushroomL=67.8 MushroomR=55.3 LateralL=99.5 LateralR=88.7 Centralx=1.1 SEZy=1.5 AMMCL=0.0 AMMCR=0.0 Centraln=9.0 Descendingg=6.5 Ascendingg=0.2
   eye: lumL/R 0.396/0.426 contrastL/R +0.00/+0.00 R1-6 40/40 Hz | R1-6 19.4/31.0  R7 29.8/35.8  R8 30.3/34.5  L1 0.0/0.0  L2 0.0/0.0  L3 0.2/0.3  Mi1 4.9/5.0  Tm3 5.6/6.0  Tm1 0.0/0.0  Tm2 0.0/0.0  Tm9 0.2/0.0  T4a 1.1/0.6  T4b 1.1/0.2  T4c 0.5/0.4  T4d 0.2/0.1  T5a 1.9/1.3  T5b 0.5/0.2  T5c 0.8/0.7  T5d 0.6/0.4  LC4 23.4/31.8  LPLC1 0.0/0.0  LPLC2 0.0/0.0  LC6 0.0/0.0  DNp01 0.0/0.0  DNp02 29.4/117.6  DNp11 0.0/0.0
t=7.7s spikes/s=1266382 gpu=43.0ms fps=22 | pos=(-2.0,7.0) spd=0.00 turn=0.00 air=false feed=false esc=1 hunger=0.80
   DN: P9 0.0/0.0  DNa02 0.0/0.0  MDN 0.0  GF 0.0  MN9 0.0 | odourL/R 0.02/0.02 loom 0.0
   Hz: OpticL=4.2 OpticR=5.4 AntennalL=53.8 AntennalR=51.8 MushroomL=67.7 MushroomR=55.5 LateralL=101.4 LateralR=90.1 Centralx=1.2 SEZy=1.5 AMMCL=0.0 AMMCR=0.0 Centraln=9.1 Descendingg=6.5 Ascendingg=0.1
   eye: lumL/R 0.396/0.426 contrastL/R +0.00/+0.00 R1-6 40/40 Hz | R1-6 19.9/31.1  R7 31.2/33.7  R8 31.6/33.6  L1 0.0/0.0  L2 0.0/0.0  L3 0.2/0.3  Mi1 4.5/5.1  Tm3 4.6/6.8  Tm1 0.0/0.0  Tm2 0.1/0.0  Tm9 0.2/0.0  T4a 1.5/0.6  T4b 1.2/0.5  T4c 0.6/0.3  T4d 0.3/0.1  T5a 1.4/1.0  T5b 0.4/0.1  T5c 0.9/0.5  T5d 0.6/0.6  LC4 24.0/35.3  LPLC1 0.0/0.0  LPLC2 0.0/0.0  LC6 0.0/0.0  DNp01 0.0/0.0  DNp02 29.4/88.2  DNp11 0.0/0.0
t=8.5s spikes/s=1261029 gpu=40.9ms fps=23 | pos=(-2.0,7.0) spd=0.00 turn=0.00 air=false feed=false esc=1 hunger=0.80
   DN: P9 0.0/0.0  DNa02 88.2/0.0  MDN 0.0  GF 0.0  MN9 0.0 | odourL/R 0.02/0.02 loom 0.0
   Hz: OpticL=4.2 OpticR=5.4 AntennalL=53.8 AntennalR=51.9 MushroomL=67.7 MushroomR=55.6 LateralL=100.5 LateralR=88.0 Centralx=0.9 SEZy=1.7 AMMCL=0.0 AMMCR=0.0 Centraln=8.9 Descendingg=6.5 Ascendingg=0.2
   eye: lumL/R 0.396/0.426 contrastL/R +0.00/+0.00 R1-6 40/40 Hz | R1-6 19.6/31.3  R7 30.7/34.0  R8 31.3/36.9  L1 0.0/0.0  L2 0.0/0.0  L3 0.5/0.2  Mi1 4.4/5.0  Tm3 5.3/6.4  Tm1 0.1/0.0  Tm2 0.1/0.0  Tm9 0.1/0.0  T4a 1.0/0.8  T4b 1.2/0.4  T4c 0.5/0.7  T4d 0.3/0.0  T5a 1.6/1.3  T5b 0.4/0.0  T5c 0.9/0.6  T5d 0.8/0.3  LC4 21.8/32.4  LPLC1 0.0/0.0  LPLC2 0.0/0.0  LC6 0.0/0.0  DNp01 0.0/0.0  DNp02 29.4/88.2  DNp11 0.0/0.0
t=9.3s spikes/s=1259970 gpu=43.8ms fps=23 | pos=(-2.0,7.0) spd=0.00 turn=0.00 air=false feed=false esc=1 hunger=0.80
   DN: P9 0.0/0.0  DNa02 29.4/0.0  MDN 0.0  GF 0.0  MN9 0.0 | odourL/R 0.02/0.02 loom 0.0
   Hz: OpticL=4.1 OpticR=5.4 AntennalL=54.4 AntennalR=51.5 MushroomL=67.9 MushroomR=55.1 LateralL=100.2 LateralR=89.2 Centralx=1.1 SEZy=1.6 AMMCL=0.0 AMMCR=0.0 Centraln=8.9 Descendingg=6.7 Ascendingg=0.2
   eye: lumL/R 0.396/0.426 contrastL/R +0.00/+0.00 R1-6 40/40 Hz | R1-6 19.0/31.2  R7 30.0/33.0  R8 30.3/35.7  L1 0.0/0.0  L2 0.0/0.0  L3 0.6/0.4  Mi1 5.0/4.7  Tm3 6.0/6.5  Tm1 0.0/0.0  Tm2 0.0/0.0  Tm9 0.1/0.0  T4a 1.2/0.8  T4b 1.2/0.5  T4c 0.6/0.4  T4d 0.2/0.3  T5a 1.3/1.1  T5b 0.4/0.2  T5c 0.9/0.7  T5d 0.3/0.5  LC4 22.9/32.9  LPLC1 0.0/0.0  LPLC2 0.0/0.0  LC6 0.0/0.0  DNp01 0.0/0.0  DNp02 29.4/88.2  DNp11 0.0/0.0
t=10.1s spikes/s=1266088 gpu=41.4ms fps=23 | pos=(-2.0,7.0) spd=0.00 turn=0.00 air=false feed=false esc=1 hunger=0.80
   DN: P9 0.0/0.0  DNa02 29.4/0.0  MDN 0.0  GF 0.0  MN9 0.0 | odourL/R 0.02/0.02 loom 0.0
   Hz: OpticL=4.1 OpticR=5.5 AntennalL=53.6 AntennalR=51.9 MushroomL=68.4 MushroomR=55.5 LateralL=101.2 LateralR=87.9 Centralx=1.0 SEZy=1.8 AMMCL=0.0 AMMCR=0.0 Centraln=9.0 Descendingg=6.0 Ascendingg=0.2
   eye: lumL/R 0.396/0.426 contrastL/R +0.00/+0.00 R1-6 40/40 Hz | R1-6 19.0/31.6  R7 30.4/36.7  R8 28.5/36.5  L1 0.0/0.0  L2 0.0/0.0  L3 0.3/0.2  Mi1 5.2/5.2  Tm3 5.3/6.3  Tm1 0.0/0.0  Tm2 0.1/0.0  Tm9 0.4/0.0  T4a 1.1/0.8  T4b 1.1/0.4  T4c 0.4/0.4  T4d 0.3/0.1  T5a 1.8/1.0  T5b 0.3/0.0  T5c 0.9/0.5  T5d 0.8/0.5  LC4 22.3/31.8  LPLC1 0.0/0.0  LPLC2 0.0/0.0  LC6 0.0/0.0  DNp01 0.0/0.0  DNp02 29.4/88.2  DNp11 0.0/0.0
t=10.9s spikes/s=1266058 gpu=42.6ms fps=23 | pos=(-2.0,7.0) spd=0.00 turn=0.00 air=false feed=false esc=1 hunger=0.80
   DN: P9 0.0/0.0  DNa02 29.4/0.0  MDN 0.0  GF 0.0  MN9 0.0 | odourL/R 0.02/0.02 loom 0.0
   Hz: OpticL=4.2 OpticR=5.4 AntennalL=54.4 AntennalR=51.8 MushroomL=68.2 MushroomR=55.8 LateralL=100.3 LateralR=88.7 Centralx=1.0 SEZy=1.5 AMMCL=0.0 AMMCR=0.0 Centraln=8.8 Descendingg=6.4 Ascendingg=0.2
   eye: lumL/R 0.396/0.426 contrastL/R +0.00/+0.00 R1-6 40/40 Hz | R1-6 18.8/31.2  R7 32.3/37.0  R8 29.9/35.4  L1 0.0/0.0  L2 0.0/0.0  L3 0.4/0.3  Mi1 4.7/5.6  Tm3 6.1/6.0  Tm1 0.0/0.0  Tm2 0.0/0.0  Tm9 0.2/0.0  T4a 1.2/0.6  T4b 1.1/0.5  T4c 0.4/0.3  T4d 0.3/0.1  T5a 1.3/1.3  T5b 0.2/0.2  T5c 0.8/0.5  T5d 0.7/0.2  LC4 23.4/32.4  LPLC1 0.0/0.0  LPLC2 0.0/0.0  LC6 0.0/0.0  DNp01 0.0/0.0  DNp02 58.8/88.2  DNp11 0.0/0.0
t=11.7s spikes/s=1266441 gpu=42.1ms fps=23 | pos=(-2.0,7.0) spd=0.00 turn=0.00 air=false feed=false esc=1 hunger=0.80
   DN: P9 0.0/0.0  DNa02 58.8/0.0  MDN 0.0  GF 0.0  MN9 0.0 | odourL/R 0.02/0.02 loom 0.0
   Hz: OpticL=4.1 OpticR=5.4 AntennalL=54.1 AntennalR=52.3 MushroomL=68.1 MushroomR=54.7 LateralL=99.7 LateralR=88.0 Centralx=0.9 SEZy=1.9 AMMCL=0.0 AMMCR=0.0 Centraln=9.0 Descendingg=6.6 Ascendingg=0.2
   eye: lumL/R 0.396/0.426 contrastL/R +0.00/+0.00 R1-6 40/40 Hz | R1-6 19.4/30.9  R7 28.7/35.1  R8 28.9/33.7  L1 0.0/0.0  L2 0.0/0.0  L3 0.4/0.4  Mi1 4.0/5.9  Tm3 5.1/6.6  Tm1 0.0/0.0  Tm2 0.1/0.0  Tm9 0.2/0.1  T4a 1.1/0.7  T4b 1.0/0.3  T4c 0.6/0.5  T4d 0.4/0.1  T5a 1.5/1.3  T5b 0.4/0.1  T5c 0.8/0.7  T5d 0.7/0.7  LC4 22.3/31.8  LPLC1 0.0/0.0  LPLC2 0.0/0.0  LC6 0.0/0.0  DNp01 0.0/0.0  DNp02 58.8/88.2  DNp11 0.0/0.0
t=12.5s spikes/s=1260264 gpu=40.9ms fps=23 | pos=(-2.0,7.0) spd=0.00 turn=0.00 air=false feed=false esc=1 hunger=0.80
   DN: P9 0.0/0.0  DNa02 58.8/0.0  MDN 0.0  GF 0.0  MN9 0.0 | odourL/R 0.02/0.02 loom 0.0
   Hz: OpticL=4.1 OpticR=5.4 AntennalL=54.2 AntennalR=52.0 MushroomL=68.2 MushroomR=55.3 LateralL=100.4 LateralR=88.0 Centralx=1.0 SEZy=1.8 AMMCL=0.0 AMMCR=0.0 Centraln=9.0 Descendingg=6.1 Ascendingg=0.1
   eye: lumL/R 0.396/0.426 contrastL/R +0.00/+0.00 R1-6 40/40 Hz | R1-6 19.0/31.5  R7 29.4/34.8  R8 30.1/35.0  L1 0.0/0.0  L2 0.0/0.0  L3 0.4/0.3  Mi1 4.4/5.4  Tm3 5.3/6.9  Tm1 0.0/0.0  Tm2 0.0/0.0  Tm9 0.2/0.0  T4a 1.1/0.5  T4b 0.9/0.4  T4c 0.6/0.5  T4d 0.4/0.2  T5a 1.1/1.5  T5b 0.7/0.1  T5c 1.1/0.8  T5d 0.6/0.5  LC4 22.9/31.8  LPLC1 0.0/0.0  LPLC2 0.0/0.0  LC6 0.0/0.0  DNp01 0.0/0.0  DNp02 58.8/88.2  DNp11 0.0/0.0
t=13.3s spikes/s=1262794 gpu=40.9ms fps=23 | pos=(-2.0,7.0) spd=0.00 turn=0.00 air=false feed=false esc=1 hunger=0.80
   DN: P9 0.0/0.0  DNa02 58.8/0.0  MDN 0.0  GF 0.0  MN9 0.0 | odourL/R 0.02/0.02 loom 0.0
   Hz: OpticL=4.2 OpticR=5.3 AntennalL=54.4 AntennalR=52.0 MushroomL=67.9 MushroomR=55.7 LateralL=99.7 LateralR=88.6 Centralx=0.8 SEZy=1.7 AMMCL=0.0 AMMCR=0.0 Centraln=8.9 Descendingg=6.2 Ascendingg=0.1
   eye: lumL/R 0.396/0.426 contrastL/R +0.00/+0.00 R1-6 40/40 Hz | R1-6 20.0/31.0  R7 30.6/34.7  R8 29.2/35.2  L1 0.0/0.0  L2 0.0/0.0  L3 0.5/0.2  Mi1 3.8/5.4  Tm3 4.8/6.4  Tm1 0.0/0.0  Tm2 0.2/0.0  Tm9 0.3/0.0  T4a 1.1/0.6  T4b 1.1/0.6  T4c 0.4/0.4  T4d 0.6/0.1  T5a 1.8/1.0  T5b 0.7/0.2  T5c 0.6/0.6  T5d 0.7/0.6  LC4 22.3/31.8  LPLC1 0.0/0.0  LPLC2 0.0/0.0  LC6 0.0/0.0  DNp01 0.0/0.0  DNp02 58.8/88.2  DNp11 0.0/0.0
t=14.1s spikes/s=1256411 gpu=40.7ms fps=23 | pos=(-2.0,7.0) spd=0.00 turn=0.00 air=false feed=false esc=1 hunger=0.80
   DN: P9 0.0/0.0  DNa02 58.8/0.0  MDN 0.0  GF 0.0  MN9 0.0 | odourL/R 0.02/0.02 loom 0.0
   Hz: OpticL=4.1 OpticR=5.3 AntennalL=54.2 AntennalR=51.8 MushroomL=67.8 MushroomR=54.8 LateralL=98.7 LateralR=87.7 Centralx=1.0 SEZy=1.8 AMMCL=0.0 AMMCR=0.0 Centraln=9.0 Descendingg=7.0 Ascendingg=0.2
   eye: lumL/R 0.396/0.426 contrastL/R +0.00/+0.00 R1-6 40/40 Hz | R1-6 19.2/30.7  R7 30.4/33.3  R8 30.3/34.1  L1 0.0/0.0  L2 0.0/0.0  L3 0.6/0.2  Mi1 4.5/5.3  Tm3 5.5/5.9  Tm1 0.0/0.0  Tm2 0.0/0.0  Tm9 0.2/0.0  T4a 1.1/0.6  T4b 0.9/0.3  T4c 0.7/0.3  T4d 0.4/0.3  T5a 1.3/1.7  T5b 0.5/0.1  T5c 1.0/0.7  T5d 0.8/0.4  LC4 23.4/34.1  LPLC1 0.0/0.0  LPLC2 0.0/0.0  LC6 0.0/0.0  DNp01 0.0/0.0  DNp02 29.4/88.2  DNp11 0.0/0.0
t=14.8s spikes/s=1262911 gpu=41.2ms fps=23 | pos=(-2.0,7.0) spd=0.00 turn=0.00 air=false feed=false esc=1 hunger=0.80
   DN: P9 0.0/0.0  DNa02 58.8/0.0  MDN 0.0  GF 0.0  MN9 0.0 | odourL/R 0.02/0.02 loom 0.0
   Hz: OpticL=4.1 OpticR=5.3 AntennalL=54.3 AntennalR=52.1 MushroomL=68.2 MushroomR=55.6 LateralL=100.3 LateralR=89.2 Centralx=1.2 SEZy=1.9 AMMCL=0.0 AMMCR=0.0 Centraln=8.9 Descendingg=6.5 Ascendingg=0.2
   eye: lumL/R 0.396/0.426 contrastL/R +0.00/+0.00 R1-6 40/40 Hz | R1-6 19.6/30.8  R7 31.0/34.5  R8 28.9/36.0  L1 0.0/0.0  L2 0.0/0.0  L3 0.3/0.3  Mi1 4.1/5.1  Tm3 4.7/6.2  Tm1 0.0/0.0  Tm2 0.1/0.0  Tm9 0.1/0.0  T4a 1.3/0.7  T4b 1.1/0.5  T4c 0.6/0.5  T4d 0.3/0.2  T5a 1.2/1.3  T5b 0.2/0.2  T5c 0.9/0.8  T5d 0.8/0.4  LC4 22.9/32.9  LPLC1 0.0/0.0  LPLC2 0.0/0.0  LC6 0.0/0.0  DNp01 0.0/0.0  DNp02 29.4/88.2  DNp11 0.0/0.0
t=15.6s spikes/s=1265882 gpu=43.4ms fps=22 | pos=(-2.0,7.0) spd=0.00 turn=0.00 air=false feed=false esc=1 hunger=0.80
   DN: P9 0.0/0.0  DNa02 58.8/0.0  MDN 0.0  GF 0.0  MN9 0.0 | odourL/R 0.02/0.02 loom 0.0
   Hz: OpticL=4.1 OpticR=5.4 AntennalL=54.5 AntennalR=52.3 MushroomL=68.0 MushroomR=55.7 LateralL=100.4 LateralR=88.8 Centralx=1.2 SEZy=1.7 AMMCL=0.0 AMMCR=0.0 Centraln=9.1 Descendingg=6.1 Ascendingg=0.1
   eye: lumL/R 0.396/0.426 contrastL/R +0.00/+0.00 R1-6 40/40 Hz | R1-6 19.1/31.1  R7 28.4/35.6  R8 28.7/36.3  L1 0.0/0.0  L2 0.0/0.0  L3 0.2/0.4  Mi1 4.8/5.3  Tm3 5.6/6.5  Tm1 0.0/0.0  Tm2 0.1/0.0  Tm9 0.2/0.0  T4a 1.0/0.6  T4b 1.1/0.5  T4c 0.6/0.3  T4d 0.3/0.2  T5a 1.5/1.6  T5b 0.2/0.2  T5c 1.1/0.8  T5d 0.6/0.4  LC4 21.2/32.9  LPLC1 0.0/0.0  LPLC2 0.0/0.0  LC6 0.0/0.0  DNp01 0.0/0.0  DNp02 58.8/58.8  DNp11 0.0/0.0
screenshot: F:/Fruit Fly Experiment/screenshots/loom_graded_c38_a90_ctrl.png
