Godot Engine v4.6.stable.official.89cea1439 - https://godotengine.org
Vulkan 1.4.341 - Forward+ - Using Device #0: NVIDIA - NVIDIA GeForce RTX 2080

FLY-UI: 138639 neurons, 15091983 synaptic edges (flywire_v783)
optic lobe: FlyVis flow/0000/000 graded model, 45669 cells x 2 eyes driving 46229 FlyWire neurons (gain 60 Hz)
graded optic lobe + VPN dendrites: 39647 units, 5002169 synaptic edges, VPN soma coupling 76.0 mV/unit
ESCAPE (giant fibre) at t=0.29s
t=0.6s spikes/s=1319911 gpu=46.1ms fps=16 | pos=(-2.0,7.0) spd=0.00 turn=0.00 air=false feed=false esc=1 hunger=0.80
   DN: P9 0.0/0.0  DNa02 58.8/0.0  MDN 0.0  GF 14.7  MN9 0.0 | odourL/R 0.02/0.02 loom 0.0
   Hz: OpticL=4.5 OpticR=5.7 AntennalL=54.6 AntennalR=51.6 MushroomL=68.5 MushroomR=55.3 LateralL=101.0 LateralR=88.7 Centralx=1.2 SEZy=1.7 AMMCL=0.0 AMMCR=0.0 Centraln=10.0 Descendingg=7.1 Ascendingg=0.2
   eye: lumL/R 0.396/0.426 contrastL/R +0.00/+0.00 R1-6 40/40 Hz | R1-6 19.4/30.8  R7 31.0/35.1  R8 31.1/35.1  L1 0.0/0.0  L2 0.1/0.0  L3 0.3/0.1  Mi1 4.2/4.9  Tm3 5.1/5.7  Tm1 0.1/0.0  Tm2 0.2/0.0  Tm9 0.3/0.1  T4a 0.9/0.3  T4b 1.2/0.4  T4c 0.7/0.3  T4d 0.3/0.3  T5a 2.1/1.6  T5b 0.4/0.2  T5c 1.1/0.9  T5d 0.6/0.9  LC4 60.5/75.3  LPLC1 0.0/0.0  LPLC2 0.0/0.0  LC6 0.0/0.0  DNp01 0.0/29.4  DNp02 88.2/117.6  DNp11 0.0/0.0
t=1.4s spikes/s=1306558 gpu=45.9ms fps=22 | pos=(-2.0,7.0) spd=0.00 turn=0.00 air=false feed=false esc=1 hunger=0.80
   DN: P9 0.0/0.0  DNa02 58.8/0.0  MDN 0.0  GF 29.4  MN9 0.0 | odourL/R 0.02/0.02 loom 0.0
   Hz: OpticL=4.4 OpticR=5.6 AntennalL=53.6 AntennalR=52.2 MushroomL=68.1 MushroomR=55.1 LateralL=98.6 LateralR=86.3 Centralx=1.0 SEZy=1.6 AMMCL=0.0 AMMCR=0.0 Centraln=9.9 Descendingg=7.7 Ascendingg=0.2
   eye: lumL/R 0.396/0.426 contrastL/R +0.00/+0.00 R1-6 40/40 Hz | R1-6 19.5/30.7  R7 29.6/36.1  R8 30.7/36.2  L1 0.0/0.0  L2 0.0/0.0  L3 0.4/0.1  Mi1 4.4/5.6  Tm3 4.8/6.3  Tm1 0.0/0.0  Tm2 0.1/0.0  Tm9 0.3/0.0  T4a 1.0/0.6  T4b 0.9/0.5  T4c 0.5/0.4  T4d 0.3/0.2  T5a 1.5/1.8  T5b 0.5/0.1  T5c 0.7/0.3  T5d 0.8/0.4  LC4 57.2/75.3  LPLC1 0.0/0.0  LPLC2 0.0/0.0  LC6 0.0/0.0  DNp01 0.0/58.8  DNp02 88.2/147.1  DNp11 0.0/0.0
t=2.1s spikes/s=1308764 gpu=45.5ms fps=21 | pos=(-2.0,7.0) spd=0.00 turn=0.00 air=false feed=false esc=1 hunger=0.80
   DN: P9 0.0/0.0  DNa02 88.2/0.0  MDN 0.0  GF 14.7  MN9 0.0 | odourL/R 0.02/0.02 loom 0.0
   Hz: OpticL=4.3 OpticR=5.6 AntennalL=54.1 AntennalR=51.9 MushroomL=68.4 MushroomR=55.6 LateralL=100.8 LateralR=89.1 Centralx=1.0 SEZy=1.8 AMMCL=0.0 AMMCR=0.0 Centraln=10.0 Descendingg=7.7 Ascendingg=0.2
   eye: lumL/R 0.396/0.426 contrastL/R +0.00/+0.00 R1-6 40/40 Hz | R1-6 19.2/30.6  R7 29.3/34.8  R8 31.9/34.9  L1 0.0/0.0  L2 0.0/0.0  L3 0.5/0.3  Mi1 4.3/4.9  Tm3 5.6/6.5  Tm1 0.0/0.0  Tm2 0.0/0.0  Tm9 0.2/0.0  T4a 1.2/0.5  T4b 0.9/0.5  T4c 0.6/0.4  T4d 0.4/0.2  T5a 1.7/1.0  T5b 0.4/0.0  T5c 0.9/0.9  T5d 0.4/0.5  LC4 57.2/74.7  LPLC1 0.0/0.0  LPLC2 0.0/0.0  LC6 0.0/0.0  DNp01 0.0/29.4  DNp02 117.6/147.1  DNp11 0.0/0.0
ESCAPE (giant fibre) at t=2.46s
t=2.9s spikes/s=1310617 gpu=45.3ms fps=21 | pos=(-2.0,7.0) spd=0.00 turn=0.00 air=false feed=false esc=2 hunger=0.80
   DN: P9 0.0/0.0  DNa02 0.0/0.0  MDN 0.0  GF 29.4  MN9 0.0 | odourL/R 0.02/0.02 loom 0.0
   Hz: OpticL=4.4 OpticR=5.6 AntennalL=54.6 AntennalR=52.2 MushroomL=68.4 MushroomR=55.7 LateralL=100.3 LateralR=88.0 Centralx=1.3 SEZy=1.4 AMMCL=0.0 AMMCR=0.0 Centraln=9.9 Descendingg=6.9 Ascendingg=0.2
   eye: lumL/R 0.396/0.426 contrastL/R +0.00/+0.00 R1-6 40/40 Hz | R1-6 18.9/30.7  R7 29.5/36.5  R8 30.3/36.3  L1 0.0/0.0  L2 0.0/0.0  L3 0.2/0.4  Mi1 5.3/4.5  Tm3 5.1/6.9  Tm1 0.0/0.0  Tm2 0.0/0.0  Tm9 0.2/0.0  T4a 1.1/0.9  T4b 1.1/0.4  T4c 0.6/0.4  T4d 0.3/0.2  T5a 1.3/1.1  T5b 0.3/0.0  T5c 0.7/0.8  T5d 0.5/0.5  LC4 57.7/74.7  LPLC1 0.0/0.0  LPLC2 0.0/0.0  LC6 0.0/0.0  DNp01 0.0/58.8  DNp02 117.6/117.6  DNp11 0.0/0.0
t=3.6s spikes/s=1303411 gpu=43.4ms fps=22 | pos=(-2.0,7.0) spd=0.00 turn=0.00 air=false feed=false esc=2 hunger=0.80
   DN: P9 0.0/0.0  DNa02 29.4/0.0  MDN 0.0  GF 14.7  MN9 0.0 | odourL/R 0.02/0.02 loom 0.0
   Hz: OpticL=4.4 OpticR=5.6 AntennalL=53.9 AntennalR=51.8 MushroomL=68.2 MushroomR=55.1 LateralL=99.4 LateralR=87.1 Centralx=1.0 SEZy=1.8 AMMCL=0.0 AMMCR=0.0 Centraln=9.9 Descendingg=7.3 Ascendingg=0.2
   eye: lumL/R 0.396/0.426 contrastL/R +0.00/+0.00 R1-6 40/40 Hz | R1-6 18.8/31.3  R7 30.2/33.5  R8 29.7/35.3  L1 0.0/0.0  L2 0.0/0.0  L3 0.5/0.2  Mi1 4.3/5.2  Tm3 6.3/6.9  Tm1 0.2/0.0  Tm2 0.1/0.0  Tm9 0.1/0.0  T4a 1.2/0.8  T4b 0.9/0.5  T4c 0.9/0.6  T4d 0.4/0.2  T5a 1.5/1.0  T5b 0.5/0.3  T5c 1.0/0.7  T5d 0.6/0.6  LC4 57.7/75.3  LPLC1 0.0/0.0  LPLC2 0.0/0.0  LC6 0.0/0.0  DNp01 0.0/29.4  DNp02 117.6/147.1  DNp11 29.4/0.0
t=4.4s spikes/s=1306176 gpu=42.9ms fps=21 | pos=(-2.0,7.0) spd=0.00 turn=0.00 air=false feed=false esc=2 hunger=0.80
   DN: P9 0.0/0.0  DNa02 88.2/0.0  MDN 0.0  GF 29.4  MN9 0.0 | odourL/R 0.02/0.02 loom 0.0
   Hz: OpticL=4.3 OpticR=5.6 AntennalL=54.2 AntennalR=52.4 MushroomL=68.2 MushroomR=55.4 LateralL=99.9 LateralR=88.4 Centralx=0.8 SEZy=1.8 AMMCL=0.0 AMMCR=0.0 Centraln=9.9 Descendingg=7.2 Ascendingg=0.2
   eye: lumL/R 0.396/0.426 contrastL/R +0.00/+0.00 R1-6 40/40 Hz | R1-6 18.9/31.2  R7 29.5/35.5  R8 29.3/36.3  L1 0.0/0.0  L2 0.1/0.0  L3 0.7/0.4  Mi1 4.9/5.4  Tm3 4.8/6.8  Tm1 0.0/0.0  Tm2 0.1/0.0  Tm9 0.3/0.0  T4a 1.5/1.1  T4b 1.0/0.2  T4c 0.7/0.3  T4d 0.2/0.2  T5a 1.3/0.9  T5b 0.5/0.2  T5c 0.6/0.7  T5d 0.6/0.5  LC4 55.6/75.9  LPLC1 0.0/0.0  LPLC2 0.0/0.0  LC6 0.0/0.0  DNp01 0.0/58.8  DNp02 88.2/117.6  DNp11 0.0/0.0
ESCAPE (giant fibre) at t=4.67s
t=5.1s spikes/s=1318264 gpu=45.2ms fps=22 | pos=(-2.0,7.0) spd=0.00 turn=0.00 air=false feed=false esc=3 hunger=0.80
   DN: P9 0.0/0.0  DNa02 29.4/0.0  MDN 0.0  GF 44.1  MN9 0.0 | odourL/R 0.02/0.02 loom 0.0
   Hz: OpticL=4.5 OpticR=5.6 AntennalL=54.4 AntennalR=52.3 MushroomL=68.0 MushroomR=55.9 LateralL=100.4 LateralR=88.6 Centralx=0.9 SEZy=1.3 AMMCL=0.0 AMMCR=0.0 Centraln=10.1 Descendingg=7.7 Ascendingg=0.2
   eye: lumL/R 0.396/0.426 contrastL/R +0.00/+0.00 R1-6 40/40 Hz | R1-6 19.3/31.0  R7 29.9/33.9  R8 32.0/35.2  L1 0.0/0.0  L2 0.0/0.0  L3 0.3/0.2  Mi1 4.8/5.0  Tm3 5.7/7.3  Tm1 0.0/0.0  Tm2 0.0/0.0  Tm9 0.2/0.0  T4a 1.1/0.4  T4b 0.9/0.4  T4c 0.6/0.5  T4d 0.6/0.1  T5a 1.6/1.3  T5b 0.2/0.1  T5c 1.0/0.8  T5d 0.6/0.6  LC4 57.7/73.5  LPLC1 0.0/0.0  LPLC2 0.0/0.0  LC6 0.0/0.0  DNp01 0.0/88.2  DNp02 88.2/117.6  DNp11 0.0/0.0
t=5.9s spikes/s=1303352 gpu=45.5ms fps=21 | pos=(-2.0,7.0) spd=0.00 turn=0.00 air=false feed=false esc=3 hunger=0.80
   DN: P9 0.0/0.0  DNa02 29.4/0.0  MDN 0.0  GF 29.4  MN9 0.0 | odourL/R 0.02/0.02 loom 0.0
   Hz: OpticL=4.4 OpticR=5.6 AntennalL=53.8 AntennalR=51.1 MushroomL=68.2 MushroomR=55.3 LateralL=99.4 LateralR=88.1 Centralx=1.0 SEZy=1.6 AMMCL=0.0 AMMCR=0.0 Centraln=9.8 Descendingg=7.3 Ascendingg=0.2
   eye: lumL/R 0.396/0.426 contrastL/R +0.00/+0.00 R1-6 40/40 Hz | R1-6 18.8/30.5  R7 30.1/35.4  R8 32.0/34.3  L1 0.0/0.0  L2 0.0/0.0  L3 0.5/0.0  Mi1 4.6/5.3  Tm3 5.2/6.7  Tm1 0.0/0.0  Tm2 0.1/0.0  Tm9 0.1/0.0  T4a 1.0/0.4  T4b 1.2/0.2  T4c 0.7/0.5  T4d 0.4/0.1  T5a 1.6/1.3  T5b 0.2/0.2  T5c 0.9/0.4  T5d 1.0/0.4  LC4 57.2/75.9  LPLC1 0.0/0.0  LPLC2 0.0/0.0  LC6 0.0/0.0  DNp01 0.0/58.8  DNp02 117.6/117.6  DNp11 0.0/0.0
t=6.6s spikes/s=1306264 gpu=45.5ms fps=22 | pos=(-2.0,7.0) spd=0.00 turn=0.00 air=false feed=false esc=3 hunger=0.80
   DN: P9 0.0/0.0  DNa02 58.8/0.0  MDN 0.0  GF 14.7  MN9 0.0 | odourL/R 0.02/0.02 loom 0.0
   Hz: OpticL=4.4 OpticR=5.6 AntennalL=54.0 AntennalR=51.6 MushroomL=68.2 MushroomR=55.5 LateralL=99.3 LateralR=88.4 Centralx=0.9 SEZy=1.7 AMMCL=0.0 AMMCR=0.0 Centraln=9.9 Descendingg=7.3 Ascendingg=0.2
   eye: lumL/R 0.396/0.426 contrastL/R +0.00/+0.00 R1-6 40/40 Hz | R1-6 19.2/31.1  R7 30.0/34.5  R8 29.9/33.2  L1 0.0/0.0  L2 0.0/0.0  L3 0.2/0.2  Mi1 4.8/5.4  Tm3 5.1/6.6  Tm1 0.0/0.0  Tm2 0.0/0.0  Tm9 0.3/0.0  T4a 1.3/0.6  T4b 1.0/0.4  T4c 0.7/0.6  T4d 0.3/0.1  T5a 1.5/1.0  T5b 0.4/0.1  T5c 0.7/0.6  T5d 0.8/0.6  LC4 59.4/76.5  LPLC1 0.0/0.0  LPLC2 0.0/0.0  LC6 0.0/0.0  DNp01 0.0/29.4  DNp02 88.2/147.1  DNp11 0.0/0.0
ESCAPE (giant fibre) at t=6.88s
t=7.4s spikes/s=1308705 gpu=44.2ms fps=21 | pos=(-2.0,7.0) spd=0.00 turn=0.00 air=false feed=false esc=4 hunger=0.80
   DN: P9 0.0/0.0  DNa02 29.4/0.0  MDN 0.0  GF 29.4  MN9 0.0 | odourL/R 0.02/0.02 loom 0.0
   Hz: OpticL=4.3 OpticR=5.7 AntennalL=53.9 AntennalR=51.8 MushroomL=68.1 MushroomR=55.6 LateralL=99.9 LateralR=87.6 Centralx=1.3 SEZy=1.7 AMMCL=0.0 AMMCR=0.0 Centraln=9.8 Descendingg=7.5 Ascendingg=0.1
   eye: lumL/R 0.396/0.426 contrastL/R +0.00/+0.00 R1-6 40/40 Hz | R1-6 18.6/31.6  R7 30.3/35.0  R8 32.3/37.5  L1 0.0/0.0  L2 0.0/0.0  L3 0.3/0.2  Mi1 4.2/5.3  Tm3 5.1/6.8  Tm1 0.0/0.0  Tm2 0.1/0.0  Tm9 0.3/0.0  T4a 1.0/0.7  T4b 1.3/0.4  T4c 0.5/0.8  T4d 0.4/0.1  T5a 1.5/1.2  T5b 0.4/0.0  T5c 0.4/0.7  T5d 1.0/0.5  LC4 57.7/74.1  LPLC1 0.0/0.0  LPLC2 0.0/0.0  LC6 0.0/0.0  DNp01 0.0/58.8  DNp02 117.6/117.6  DNp11 0.0/0.0
THREAT launched at t=8.11s from 90
t=8.1s spikes/s=1309735 gpu=43.6ms fps=22 | pos=(-2.0,7.0) spd=0.00 turn=0.00 air=false feed=false esc=4 hunger=0.80
   DN: P9 0.0/0.0  DNa02 58.8/0.0  MDN 0.0  GF 14.7  MN9 0.0 | odourL/R 0.02/0.02 loom 0.0
   Hz: OpticL=4.4 OpticR=5.7 AntennalL=53.8 AntennalR=51.8 MushroomL=68.1 MushroomR=55.3 LateralL=99.7 LateralR=87.6 Centralx=0.9 SEZy=1.8 AMMCL=0.0 AMMCR=0.0 Centraln=9.8 Descendingg=7.5 Ascendingg=0.2
   eye: lumL/R 0.396/0.426 contrastL/R +0.00/+0.00 R1-6 40/40 Hz | R1-6 19.5/31.3  R7 29.3/36.9  R8 29.9/36.7  L1 0.0/0.0  L2 0.1/0.0  L3 0.3/0.4  Mi1 5.0/5.5  Tm3 5.4/6.6  Tm1 0.0/0.0  Tm2 0.2/0.0  Tm9 0.3/0.0  T4a 1.4/0.8  T4b 0.9/0.4  T4c 0.7/0.5  T4d 0.3/0.1  T5a 1.9/1.3  T5b 0.6/0.0  T5c 1.0/0.7  T5d 0.8/0.4  LC4 58.3/76.5  LPLC1 0.0/0.0  LPLC2 0.0/0.0  LC6 0.0/0.0  DNp01 0.0/29.4  DNp02 88.2/117.6  DNp11 0.0/0.0
t=8.9s spikes/s=1300617 gpu=44.0ms fps=22 | pos=(-2.0,7.0) spd=0.00 turn=0.00 air=false feed=false esc=4 hunger=0.80
   DN: P9 0.0/0.0  DNa02 58.8/0.0  MDN 0.0  GF 29.4  MN9 0.0 | odourL/R 0.02/0.02 loom 4.3
   Hz: OpticL=4.2 OpticR=5.6 AntennalL=53.4 AntennalR=52.0 MushroomL=68.2 MushroomR=55.6 LateralL=100.6 LateralR=87.6 Centralx=1.0 SEZy=1.7 AMMCL=0.0 AMMCR=0.0 Centraln=9.9 Descendingg=8.3 Ascendingg=0.2
   eye: lumL/R 0.369/0.426 contrastL/R -0.04/+0.00 R1-6 38/40 Hz | R1-6 17.5/31.5  R7 28.2/35.5  R8 29.9/34.8  L1 0.0/0.0  L2 0.0/0.0  L3 0.5/0.4  Mi1 4.0/5.8  Tm3 3.9/6.0  Tm1 0.3/0.0  Tm2 0.5/0.0  Tm9 1.0/0.0  T4a 1.1/0.6  T4b 1.1/0.4  T4c 1.0/0.4  T4d 0.5/0.0  T5a 1.9/1.1  T5b 0.5/0.2  T5c 1.2/0.8  T5d 1.8/0.6  LC4 52.3/72.9  LPLC1 0.0/0.0  LPLC2 0.8/0.0  LC6 0.0/0.0  DNp01 0.0/58.8  DNp02 88.2/147.1  DNp11 0.0/0.0
ESCAPE (giant fibre) at t=9.13s
t=9.6s spikes/s=1360647 gpu=42.4ms fps=21 | pos=(-2.0,7.0) spd=0.00 turn=0.00 air=false feed=false esc=5 hunger=0.80
   DN: P9 0.0/0.0  DNa02 88.2/0.0  MDN 0.0  GF 14.7  MN9 0.0 | odourL/R 0.02/0.02 loom 0.0
   Hz: OpticL=4.8 OpticR=6.1 AntennalL=53.8 AntennalR=51.9 MushroomL=68.5 MushroomR=55.5 LateralL=100.2 LateralR=86.7 Centralx=1.3 SEZy=1.7 AMMCL=0.0 AMMCR=0.0 Centraln=10.1 Descendingg=8.0 Ascendingg=0.1
   eye: lumL/R 0.396/0.426 contrastL/R +0.06/+0.04 R1-6 47/45 Hz | R1-6 22.6/34.9  R7 35.2/37.6  R8 34.7/38.3  L1 0.0/0.0  L2 0.0/0.0  L3 0.7/0.2  Mi1 4.2/5.0  Tm3 5.0/5.7  Tm1 0.1/0.0  Tm2 0.1/0.0  Tm9 0.1/0.0  T4a 0.9/0.6  T4b 0.9/0.5  T4c 0.6/0.4  T4d 0.2/0.2  T5a 1.8/1.6  T5b 0.7/0.3  T5c 1.0/0.8  T5d 1.0/0.9  LC4 58.3/85.3  LPLC1 0.0/0.0  LPLC2 0.0/0.0  LC6 0.0/0.0  DNp01 0.0/29.4  DNp02 88.2/147.1  DNp11 0.0/0.0
t=10.4s spikes/s=1317382 gpu=43.6ms fps=22 | pos=(-2.0,7.0) spd=0.00 turn=0.00 air=false feed=false esc=5 hunger=0.80
   DN: P9 0.0/0.0  DNa02 58.8/0.0  MDN 0.0  GF 14.7  MN9 0.0 | odourL/R 0.02/0.02 loom 0.0
   Hz: OpticL=4.4 OpticR=5.8 AntennalL=54.4 AntennalR=52.5 MushroomL=67.9 MushroomR=55.6 LateralL=99.2 LateralR=88.0 Centralx=0.9 SEZy=1.7 AMMCL=0.0 AMMCR=0.0 Centraln=9.9 Descendingg=7.6 Ascendingg=0.2
   eye: lumL/R 0.396/0.426 contrastL/R +0.02/+0.01 R1-6 42/42 Hz | R1-6 20.0/31.9  R7 31.3/35.0  R8 29.8/36.8  L1 0.0/0.0  L2 0.0/0.0  L3 0.5/0.4  Mi1 4.6/5.7  Tm3 5.7/7.2  Tm1 0.0/0.0  Tm2 0.1/0.0  Tm9 0.2/0.1  T4a 1.2/1.0  T4b 0.8/0.4  T4c 0.9/0.3  T4d 0.4/0.2  T5a 1.5/1.2  T5b 0.5/0.1  T5c 0.8/0.4  T5d 0.8/0.7  LC4 57.2/73.5  LPLC1 0.0/0.0  LPLC2 0.0/0.0  LC6 0.0/0.0  DNp01 0.0/29.4  DNp02 88.2/117.6  DNp11 0.0/0.0
t=11.1s spikes/s=1314882 gpu=44.2ms fps=22 | pos=(-2.0,7.0) spd=0.00 turn=0.00 air=false feed=false esc=5 hunger=0.80
   DN: P9 0.0/0.0  DNa02 29.4/0.0  MDN 0.0  GF 14.7  MN9 0.0 | odourL/R 0.02/0.02 loom 0.0
   Hz: OpticL=4.4 OpticR=5.7 AntennalL=54.1 AntennalR=52.4 MushroomL=68.6 MushroomR=55.8 LateralL=100.2 LateralR=88.6 Centralx=1.0 SEZy=1.7 AMMCL=0.0 AMMCR=0.0 Centraln=9.8 Descendingg=7.2 Ascendingg=0.2
   eye: lumL/R 0.396/0.426 contrastL/R +0.01/+0.01 R1-6 41/41 Hz | R1-6 20.0/31.5  R7 29.3/36.3  R8 30.9/36.0  L1 0.0/0.0  L2 0.0/0.0  L3 0.4/0.3  Mi1 4.7/5.2  Tm3 4.9/6.4  Tm1 0.0/0.0  Tm2 0.0/0.0  Tm9 0.0/0.0  T4a 1.5/0.8  T4b 0.9/0.4  T4c 0.6/0.5  T4d 0.3/0.1  T5a 1.7/1.3  T5b 0.5/0.2  T5c 0.6/0.7  T5d 0.6/0.5  LC4 53.4/72.9  LPLC1 0.0/0.0  LPLC2 0.0/0.0  LC6 0.0/0.0  DNp01 0.0/29.4  DNp02 88.2/147.1  DNp11 0.0/0.0
ESCAPE (giant fibre) at t=11.37s
t=11.8s spikes/s=1307735 gpu=44.7ms fps=22 | pos=(-2.0,7.0) spd=0.00 turn=0.00 air=false feed=false esc=6 hunger=0.80
   DN: P9 0.0/0.0  DNa02 58.8/0.0  MDN 0.0  GF 29.4  MN9 0.0 | odourL/R 0.02/0.02 loom 0.0
   Hz: OpticL=4.3 OpticR=5.7 AntennalL=54.3 AntennalR=51.7 MushroomL=67.9 MushroomR=55.2 LateralL=101.0 LateralR=88.0 Centralx=1.1 SEZy=1.7 AMMCL=0.0 AMMCR=0.0 Centraln=9.8 Descendingg=7.4 Ascendingg=0.1
   eye: lumL/R 0.396/0.426 contrastL/R +0.00/+0.00 R1-6 40/40 Hz | R1-6 18.6/31.9  R7 29.6/33.8  R8 31.0/36.3  L1 0.0/0.0  L2 0.0/0.0  L3 0.3/0.3  Mi1 4.3/6.2  Tm3 5.1/6.6  Tm1 0.0/0.0  Tm2 0.2/0.0  Tm9 0.1/0.0  T4a 1.5/0.5  T4b 1.1/0.6  T4c 0.6/0.5  T4d 0.4/0.2  T5a 1.6/1.4  T5b 0.4/0.0  T5c 0.4/0.8  T5d 0.8/0.5  LC4 58.3/75.3  LPLC1 0.0/0.0  LPLC2 0.0/0.0  LC6 0.0/0.0  DNp01 0.0/58.8  DNp02 117.6/147.1  DNp11 0.0/0.0
t=12.6s spikes/s=1304441 gpu=43.0ms fps=21 | pos=(-2.0,7.0) spd=0.00 turn=0.00 air=false feed=false esc=6 hunger=0.80
   DN: P9 0.0/0.0  DNa02 58.8/0.0  MDN 0.0  GF 29.4  MN9 0.0 | odourL/R 0.02/0.02 loom 0.0
   Hz: OpticL=4.4 OpticR=5.6 AntennalL=53.8 AntennalR=51.7 MushroomL=68.0 MushroomR=55.2 LateralL=98.9 LateralR=88.4 Centralx=0.8 SEZy=1.8 AMMCL=0.0 AMMCR=0.0 Centraln=9.9 Descendingg=7.3 Ascendingg=0.1
   eye: lumL/R 0.396/0.426 contrastL/R +0.00/+0.00 R1-6 40/40 Hz | R1-6 19.5/30.9  R7 30.9/35.1  R8 31.6/36.1  L1 0.0/0.0  L2 0.0/0.0  L3 0.5/0.2  Mi1 4.0/5.7  Tm3 5.3/6.4  Tm1 0.1/0.0  Tm2 0.0/0.0  Tm9 0.4/0.0  T4a 1.0/0.7  T4b 1.0/0.2  T4c 0.6/0.6  T4d 0.3/0.2  T5a 1.4/1.1  T5b 0.3/0.0  T5c 0.8/0.7  T5d 0.7/0.6  LC4 61.0/72.9  LPLC1 0.0/0.0  LPLC2 0.0/0.0  LC6 0.0/0.0  DNp01 0.0/58.8  DNp02 117.6/117.6  DNp11 0.0/0.0
t=13.3s spikes/s=1312323 gpu=46.7ms fps=22 | pos=(-2.0,7.0) spd=0.00 turn=0.00 air=false feed=false esc=6 hunger=0.80
   DN: P9 0.0/0.0  DNa02 29.4/0.0  MDN 0.0  GF 29.4  MN9 0.0 | odourL/R 0.02/0.02 loom 0.0
   Hz: OpticL=4.4 OpticR=5.7 AntennalL=54.1 AntennalR=51.9 MushroomL=67.9 MushroomR=55.5 LateralL=100.1 LateralR=87.7 Centralx=1.1 SEZy=1.7 AMMCL=0.0 AMMCR=0.0 Centraln=10.0 Descendingg=7.1 Ascendingg=0.1
   eye: lumL/R 0.396/0.426 contrastL/R +0.00/+0.00 R1-6 40/40 Hz | R1-6 19.3/31.3  R7 30.1/32.8  R8 31.6/36.1  L1 0.0/0.0  L2 0.0/0.0  L3 0.4/0.2  Mi1 4.3/5.4  Tm3 5.3/5.9  Tm1 0.0/0.0  Tm2 0.1/0.0  Tm9 0.3/0.0  T4a 1.5/0.9  T4b 1.1/0.5  T4c 0.7/0.3  T4d 0.2/0.2  T5a 1.5/1.3  T5b 0.3/0.2  T5c 1.4/0.8  T5d 0.5/0.2  LC4 55.6/71.8  LPLC1 0.0/0.0  LPLC2 0.0/0.0  LC6 0.0/0.0  DNp01 0.0/58.8  DNp02 88.2/117.6  DNp11 0.0/0.0
ESCAPE (giant fibre) at t=13.58s
t=14.1s spikes/s=1310911 gpu=44.8ms fps=21 | pos=(-2.0,7.0) spd=0.00 turn=0.00 air=false feed=false esc=7 hunger=0.80
   DN: P9 0.0/0.0  DNa02 58.8/0.0  MDN 0.0  GF 44.1  MN9 0.0 | odourL/R 0.02/0.02 loom 0.0
   Hz: OpticL=4.4 OpticR=5.6 AntennalL=55.0 AntennalR=52.0 MushroomL=68.3 MushroomR=55.6 LateralL=100.2 LateralR=89.7 Centralx=0.8 SEZy=1.8 AMMCL=0.0 AMMCR=0.0 Centraln=9.9 Descendingg=7.2 Ascendingg=0.2
   eye: lumL/R 0.396/0.426 contrastL/R +0.00/+0.00 R1-6 40/40 Hz | R1-6 19.2/30.9  R7 29.7/35.1  R8 29.8/37.0  L1 0.0/0.0  L2 0.0/0.0  L3 0.6/0.3  Mi1 4.4/4.5  Tm3 5.4/6.3  Tm1 0.1/0.0  Tm2 0.1/0.0  Tm9 0.2/0.0  T4a 1.3/0.6  T4b 1.1/0.3  T4c 0.6/0.6  T4d 0.2/0.2  T5a 1.0/1.5  T5b 0.5/0.1  T5c 0.8/0.5  T5d 0.7/0.4  LC4 56.1/75.3  LPLC1 0.0/0.0  LPLC2 0.0/0.0  LC6 0.0/0.0  DNp01 0.0/88.2  DNp02 117.6/147.1  DNp11 0.0/0.0
t=14.8s spikes/s=1297794 gpu=44.3ms fps=22 | pos=(-2.0,7.0) spd=0.00 turn=0.00 air=false feed=false esc=7 hunger=0.80
   DN: P9 0.0/0.0  DNa02 58.8/0.0  MDN 0.0  GF 44.1  MN9 0.0 | odourL/R 0.02/0.02 loom 0.0
   Hz: OpticL=4.3 OpticR=5.5 AntennalL=54.0 AntennalR=52.1 MushroomL=67.9 MushroomR=55.2 LateralL=100.9 LateralR=88.3 Centralx=1.0 SEZy=1.8 AMMCL=0.0 AMMCR=0.0 Centraln=9.8 Descendingg=7.3 Ascendingg=0.2
   eye: lumL/R 0.396/0.426 contrastL/R +0.00/+0.00 R1-6 40/40 Hz | R1-6 19.4/30.6  R7 29.8/34.3  R8 29.9/36.0  L1 0.0/0.0  L2 0.0/0.0  L3 0.3/0.3  Mi1 4.5/4.9  Tm3 5.1/6.1  Tm1 0.0/0.0  Tm2 0.1/0.0  Tm9 0.2/0.0  T4a 1.0/0.7  T4b 1.2/0.4  T4c 0.6/0.4  T4d 0.2/0.1  T5a 1.0/1.2  T5b 0.3/0.2  T5c 0.9/0.7  T5d 0.8/0.3  LC4 59.9/75.9  LPLC1 0.0/0.0  LPLC2 0.0/0.0  LC6 0.0/0.0  DNp01 0.0/88.2  DNp02 117.6/147.1  DNp11 0.0/0.0
t=15.6s spikes/s=1308794 gpu=48.0ms fps=22 | pos=(-2.0,7.0) spd=0.00 turn=0.00 air=false feed=false esc=7 hunger=0.80
   DN: P9 0.0/0.0  DNa02 58.8/0.0  MDN 0.0  GF 29.4  MN9 0.0 | odourL/R 0.02/0.02 loom 0.0
   Hz: OpticL=4.4 OpticR=5.6 AntennalL=53.7 AntennalR=51.6 MushroomL=68.3 MushroomR=55.0 LateralL=99.9 LateralR=89.1 Centralx=1.3 SEZy=1.9 AMMCL=0.0 AMMCR=0.0 Centraln=10.0 Descendingg=7.6 Ascendingg=0.2
   eye: lumL/R 0.396/0.426 contrastL/R +0.00/+0.00 R1-6 40/40 Hz | R1-6 19.7/30.4  R7 30.2/33.6  R8 29.9/36.2  L1 0.0/0.0  L2 0.0/0.0  L3 0.5/0.2  Mi1 4.5/5.1  Tm3 5.1/6.6  Tm1 0.1/0.0  Tm2 0.0/0.0  Tm9 0.2/0.1  T4a 1.3/0.9  T4b 0.9/0.4  T4c 0.9/0.5  T4d 0.3/0.1  T5a 1.9/0.9  T5b 0.6/0.1  T5c 0.8/0.7  T5d 0.8/0.9  LC4 55.0/74.1  LPLC1 0.0/0.0  LPLC2 0.0/0.0  LC6 0.0/0.0  DNp01 0.0/58.8  DNp02 88.2/117.6  DNp11 0.0/0.0
ESCAPE (giant fibre) at t=15.79s
screenshot: F:/Fruit Fly Experiment/screenshots/loom_graded_c76_a90.png
