Godot Engine v4.6.stable.official.89cea1439 - https://godotengine.org
Vulkan 1.4.341 - Forward+ - Using Device #0: NVIDIA - NVIDIA GeForce RTX 2080

FLY-UI: 138639 neurons, 15091983 synaptic edges (flywire_v783)
optic lobe: FlyVis flow/0000/000 graded model, 45669 cells x 2 eyes driving 37627 FlyWire neurons (gain 60 Hz)
t=0.8s spikes/s=1210500 gpu=33.4ms fps=10 | pos=(-2.0,7.0) spd=0.00 turn=0.00 air=false feed=false esc=0 hunger=0.80
   DN: P9 0.0/0.0  DNa02 58.8/0.0  MDN 0.0  GF 0.0  MN9 0.0 | odourL/R 0.02/0.02 loom 0.0
   Hz: OpticL=3.7 OpticR=4.9 AntennalL=54.7 AntennalR=52.4 MushroomL=67.8 MushroomR=55.2 LateralL=100.8 LateralR=87.5 Centralx=1.3 SEZy=1.7 AMMCL=0.0 AMMCR=0.0 Centraln=8.4 Descendingg=5.8 Ascendingg=0.2
   eye: lumL/R 0.396/0.426 contrastL/R +0.00/+0.00 R1-6 40/40 Hz | R1-6 19.3/31.4  R7 31.0/35.8  R8 30.2/33.0  L1 0.0/0.0  L2 0.1/0.0  L3 0.4/0.2  Mi1 4.0/5.5  Tm3 5.0/5.9  Tm1 0.0/0.0  Tm2 0.0/0.0  Tm9 0.3/0.0  T4a 1.5/0.4  T4b 0.7/0.3  T4c 0.6/0.3  T4d 0.2/0.0  T5a 1.5/1.5  T5b 0.3/0.2  T5c 0.9/0.8  T5d 0.6/0.6  LC4 2.2/0.6  LPLC1 0.0/0.0  LPLC2 0.0/0.0  LC6 0.0/0.0  DNp01 0.0/0.0  DNp02 0.0/0.0  DNp11 0.0/0.0
t=1.7s spikes/s=1213911 gpu=37.0ms fps=27 | pos=(-2.0,7.0) spd=0.00 turn=0.00 air=false feed=false esc=0 hunger=0.80
   DN: P9 0.0/0.0  DNa02 117.6/0.0  MDN 0.0  GF 0.0  MN9 0.0 | odourL/R 0.02/0.02 loom 0.0
   Hz: OpticL=3.8 OpticR=5.0 AntennalL=53.9 AntennalR=51.4 MushroomL=68.4 MushroomR=55.3 LateralL=100.7 LateralR=87.5 Centralx=1.1 SEZy=1.7 AMMCL=0.0 AMMCR=0.0 Centraln=8.3 Descendingg=5.9 Ascendingg=0.2
   eye: lumL/R 0.396/0.426 contrastL/R +0.00/+0.00 R1-6 40/40 Hz | R1-6 19.7/31.4  R7 31.7/36.4  R8 31.3/35.8  L1 0.0/0.0  L2 0.0/0.0  L3 0.3/0.1  Mi1 5.0/5.1  Tm3 6.0/6.3  Tm1 0.0/0.0  Tm2 0.0/0.0  Tm9 0.1/0.0  T4a 1.2/0.6  T4b 1.0/0.4  T4c 0.4/0.1  T4d 0.3/0.1  T5a 1.3/1.1  T5b 0.5/0.2  T5c 0.6/0.6  T5d 0.3/0.8  LC4 1.6/0.6  LPLC1 0.0/0.0  LPLC2 0.0/0.0  LC6 0.0/0.0  DNp01 0.0/0.0  DNp02 0.0/29.4  DNp11 0.0/0.0
t=2.7s spikes/s=1200176 gpu=33.8ms fps=27 | pos=(-2.0,7.0) spd=0.00 turn=0.00 air=false feed=false esc=0 hunger=0.80
   DN: P9 0.0/0.0  DNa02 88.2/0.0  MDN 0.0  GF 0.0  MN9 0.0 | odourL/R 0.02/0.02 loom 0.0
   Hz: OpticL=3.7 OpticR=4.9 AntennalL=53.9 AntennalR=52.0 MushroomL=67.8 MushroomR=55.3 LateralL=99.3 LateralR=89.9 Centralx=0.9 SEZy=1.7 AMMCL=0.0 AMMCR=0.0 Centraln=8.3 Descendingg=6.1 Ascendingg=0.2
   eye: lumL/R 0.396/0.426 contrastL/R +0.00/+0.00 R1-6 40/40 Hz | R1-6 19.5/30.5  R7 28.9/34.9  R8 29.2/34.2  L1 0.0/0.0  L2 0.0/0.0  L3 0.5/0.3  Mi1 3.7/4.4  Tm3 5.9/5.4  Tm1 0.0/0.0  Tm2 0.0/0.0  Tm9 0.3/0.1  T4a 1.3/0.7  T4b 1.1/0.5  T4c 0.4/0.4  T4d 0.3/0.2  T5a 1.3/0.9  T5b 0.4/0.2  T5c 0.9/0.8  T5d 0.5/0.3  LC4 1.6/0.6  LPLC1 0.0/0.0  LPLC2 0.0/0.0  LC6 0.0/0.0  DNp01 0.0/0.0  DNp02 0.0/29.4  DNp11 0.0/0.0
t=3.6s spikes/s=1206088 gpu=35.1ms fps=28 | pos=(-2.0,7.0) spd=0.00 turn=0.00 air=false feed=false esc=0 hunger=0.80
   DN: P9 0.0/0.0  DNa02 29.4/0.0  MDN 0.0  GF 0.0  MN9 0.0 | odourL/R 0.02/0.02 loom 0.0
   Hz: OpticL=3.7 OpticR=5.0 AntennalL=54.3 AntennalR=52.4 MushroomL=67.9 MushroomR=55.4 LateralL=99.6 LateralR=87.1 Centralx=1.0 SEZy=1.9 AMMCL=0.0 AMMCR=0.0 Centraln=8.3 Descendingg=5.9 Ascendingg=0.2
   eye: lumL/R 0.396/0.426 contrastL/R +0.00/+0.00 R1-6 40/40 Hz | R1-6 18.8/31.3  R7 30.3/33.2  R8 29.6/35.7  L1 0.0/0.0  L2 0.0/0.0  L3 0.5/0.2  Mi1 4.0/5.2  Tm3 6.5/6.8  Tm1 0.2/0.0  Tm2 0.1/0.0  Tm9 0.1/0.0  T4a 1.1/0.6  T4b 0.9/0.5  T4c 0.7/0.4  T4d 0.3/0.1  T5a 1.1/1.0  T5b 0.5/0.1  T5c 0.9/0.8  T5d 0.4/0.6  LC4 3.8/0.0  LPLC1 0.0/0.0  LPLC2 0.0/0.0  LC6 0.0/0.0  DNp01 0.0/0.0  DNp02 0.0/29.4  DNp11 0.0/0.0
t=4.6s spikes/s=1212852 gpu=36.7ms fps=27 | pos=(-2.0,7.0) spd=0.00 turn=0.00 air=false feed=false esc=0 hunger=0.80
   DN: P9 0.0/0.0  DNa02 88.2/0.0  MDN 0.0  GF 0.0  MN9 0.0 | odourL/R 0.02/0.02 loom 0.0
   Hz: OpticL=3.8 OpticR=5.1 AntennalL=53.8 AntennalR=51.7 MushroomL=67.9 MushroomR=55.2 LateralL=98.5 LateralR=87.9 Centralx=1.0 SEZy=1.7 AMMCL=0.0 AMMCR=0.0 Centraln=8.3 Descendingg=6.2 Ascendingg=0.2
   eye: lumL/R 0.396/0.426 contrastL/R +0.00/+0.00 R1-6 40/40 Hz | R1-6 19.3/31.5  R7 29.9/35.1  R8 31.1/34.2  L1 0.0/0.0  L2 0.0/0.0  L3 0.4/0.4  Mi1 5.0/5.2  Tm3 6.0/6.3  Tm1 0.0/0.0  Tm2 0.0/0.0  Tm9 0.2/0.0  T4a 1.3/0.8  T4b 1.1/0.5  T4c 0.4/0.1  T4d 0.3/0.1  T5a 1.2/1.0  T5b 0.2/0.1  T5c 0.5/0.6  T5d 0.6/0.3  LC4 3.3/1.2  LPLC1 0.0/0.0  LPLC2 0.0/0.0  LC6 0.0/0.0  DNp01 0.0/0.0  DNp02 0.0/29.4  DNp11 0.0/0.0
t=5.5s spikes/s=1207147 gpu=34.8ms fps=27 | pos=(-2.0,7.0) spd=0.00 turn=0.00 air=false feed=false esc=0 hunger=0.80
   DN: P9 0.0/0.0  DNa02 29.4/0.0  MDN 0.0  GF 0.0  MN9 0.0 | odourL/R 0.02/0.02 loom 0.0
   Hz: OpticL=3.8 OpticR=4.9 AntennalL=53.6 AntennalR=51.8 MushroomL=68.3 MushroomR=54.7 LateralL=100.3 LateralR=87.6 Centralx=0.8 SEZy=1.7 AMMCL=0.0 AMMCR=0.0 Centraln=8.5 Descendingg=6.4 Ascendingg=0.1
   eye: lumL/R 0.396/0.426 contrastL/R +0.00/+0.00 R1-6 40/40 Hz | R1-6 20.2/30.3  R7 32.2/34.3  R8 31.1/33.9  L1 0.0/0.0  L2 0.0/0.0  L3 0.3/0.3  Mi1 3.9/4.9  Tm3 4.7/6.5  Tm1 0.1/0.0  Tm2 0.1/0.0  Tm9 0.3/0.0  T4a 1.0/0.8  T4b 0.6/0.4  T4c 0.9/0.1  T4d 0.3/0.0  T5a 1.3/0.7  T5b 0.5/0.2  T5c 0.7/0.6  T5d 0.6/0.2  LC4 1.6/2.4  LPLC1 0.0/0.0  LPLC2 0.0/0.0  LC6 0.0/0.0  DNp01 0.0/0.0  DNp02 0.0/58.8  DNp11 0.0/0.0
t=6.4s spikes/s=1200264 gpu=37.2ms fps=27 | pos=(-2.0,7.0) spd=0.00 turn=0.00 air=false feed=false esc=0 hunger=0.80
   DN: P9 0.0/0.0  DNa02 58.8/0.0  MDN 0.0  GF 0.0  MN9 0.0 | odourL/R 0.02/0.02 loom 0.0
   Hz: OpticL=3.7 OpticR=4.9 AntennalL=53.6 AntennalR=51.9 MushroomL=68.0 MushroomR=55.3 LateralL=100.7 LateralR=89.2 Centralx=1.1 SEZy=1.8 AMMCL=0.0 AMMCR=0.0 Centraln=8.3 Descendingg=5.6 Ascendingg=0.1
   eye: lumL/R 0.396/0.426 contrastL/R +0.00/+0.00 R1-6 40/40 Hz | R1-6 19.3/30.7  R7 29.3/34.0  R8 29.6/33.5  L1 0.0/0.0  L2 0.1/0.0  L3 0.5/0.2  Mi1 5.4/5.1  Tm3 5.0/6.0  Tm1 0.0/0.0  Tm2 0.0/0.0  Tm9 0.2/0.0  T4a 1.5/1.0  T4b 0.9/0.3  T4c 0.5/0.3  T4d 0.3/0.0  T5a 1.0/1.0  T5b 0.1/0.2  T5c 0.7/0.8  T5d 0.6/0.4  LC4 1.1/0.6  LPLC1 0.0/0.0  LPLC2 0.0/0.0  LC6 0.0/0.0  DNp01 0.0/0.0  DNp02 0.0/29.4  DNp11 0.0/0.0
t=7.4s spikes/s=1218500 gpu=34.5ms fps=27 | pos=(-2.0,7.0) spd=0.00 turn=0.00 air=false feed=false esc=0 hunger=0.80
   DN: P9 0.0/0.0  DNa02 58.8/0.0  MDN 0.0  GF 0.0  MN9 0.0 | odourL/R 0.02/0.02 loom 0.0
   Hz: OpticL=3.8 OpticR=5.0 AntennalL=54.4 AntennalR=52.4 MushroomL=68.4 MushroomR=55.1 LateralL=100.4 LateralR=90.0 Centralx=0.9 SEZy=1.9 AMMCL=0.0 AMMCR=0.0 Centraln=8.5 Descendingg=5.9 Ascendingg=0.1
   eye: lumL/R 0.396/0.426 contrastL/R +0.00/+0.00 R1-6 40/40 Hz | R1-6 19.1/31.8  R7 30.3/36.4  R8 31.5/34.6  L1 0.0/0.0  L2 0.0/0.0  L3 0.4/0.2  Mi1 4.4/5.3  Tm3 5.1/5.8  Tm1 0.0/0.0  Tm2 0.1/0.0  Tm9 0.2/0.0  T4a 1.3/0.9  T4b 1.1/0.4  T4c 0.6/0.4  T4d 0.4/0.0  T5a 1.3/1.2  T5b 0.4/0.0  T5c 0.7/1.1  T5d 0.6/0.5  LC4 1.6/1.2  LPLC1 0.0/0.0  LPLC2 0.0/0.0  LC6 0.0/0.0  DNp01 0.0/0.0  DNp02 0.0/29.4  DNp11 0.0/0.0
THREAT launched at t=8.11s from 90
t=8.3s spikes/s=1196294 gpu=33.0ms fps=27 | pos=(-2.0,7.0) spd=0.00 turn=0.00 air=false feed=false esc=0 hunger=0.80
   DN: P9 0.0/0.0  DNa02 58.8/0.0  MDN 0.0  GF 0.0  MN9 0.0 | odourL/R 0.02/0.02 loom 0.2
   Hz: OpticL=3.6 OpticR=4.9 AntennalL=54.0 AntennalR=51.8 MushroomL=68.2 MushroomR=55.2 LateralL=98.7 LateralR=87.4 Centralx=1.0 SEZy=1.6 AMMCL=0.0 AMMCR=0.0 Centraln=8.4 Descendingg=5.8 Ascendingg=0.2
   eye: lumL/R 0.392/0.426 contrastL/R -0.00/+0.00 R1-6 40/40 Hz | R1-6 18.4/30.6  R7 30.1/34.8  R8 29.8/34.7  L1 0.0/0.0  L2 0.0/0.0  L3 0.3/0.1  Mi1 4.7/5.2  Tm3 5.3/5.9  Tm1 0.1/0.0  Tm2 0.0/0.0  Tm9 0.2/0.0  T4a 1.3/0.9  T4b 1.1/0.2  T4c 0.7/0.3  T4d 0.3/0.1  T5a 0.8/1.0  T5b 0.2/0.2  T5c 0.6/0.9  T5d 0.5/0.4  LC4 1.1/1.8  LPLC1 0.0/0.0  LPLC2 0.0/0.0  LC6 0.0/0.0  DNp01 0.0/0.0  DNp02 0.0/58.8  DNp11 0.0/0.0
t=9.3s spikes/s=1114705 gpu=36.0ms fps=27 | pos=(-2.0,7.0) spd=0.00 turn=0.00 air=false feed=false esc=0 hunger=0.80
   DN: P9 0.0/0.0  DNa02 88.2/0.0  MDN 0.0  GF 0.0  MN9 0.0 | odourL/R 0.02/0.02 loom 0.0
   Hz: OpticL=2.0 OpticR=4.9 AntennalL=54.1 AntennalR=51.8 MushroomL=68.0 MushroomR=55.2 LateralL=100.6 LateralR=88.7 Centralx=1.3 SEZy=1.7 AMMCL=0.0 AMMCR=0.0 Centraln=8.3 Descendingg=5.9 Ascendingg=0.2
   eye: lumL/R 0.137/0.420 contrastL/R -0.61/-0.02 R1-6 12/38 Hz | R1-6 5.1/30.4  R7 8.5/35.1  R8 8.0/35.5  L1 0.0/0.0  L2 0.0/0.0  L3 2.9/0.2  Mi1 1.5/5.5  Tm3 2.4/6.0  Tm1 1.4/0.0  Tm2 3.8/0.0  Tm9 4.4/0.0  T4a 0.1/0.6  T4b 0.2/0.4  T4c 0.1/0.3  T4d 1.0/0.1  T5a 3.0/0.8  T5b 0.9/0.1  T5c 4.2/0.6  T5d 6.5/0.4  LC4 2.2/0.6  LPLC1 0.0/0.0  LPLC2 0.0/0.0  LC6 0.0/0.0  DNp01 0.0/0.0  DNp02 0.0/29.4  DNp11 0.0/0.0
t=10.1s spikes/s=1225911 gpu=35.0ms fps=26 | pos=(-2.0,7.0) spd=0.00 turn=0.00 air=false feed=false esc=0 hunger=0.80
   DN: P9 0.0/0.0  DNa02 29.4/0.0  MDN 0.0  GF 0.0  MN9 0.0 | odourL/R 0.02/0.02 loom 0.0
   Hz: OpticL=3.9 OpticR=5.3 AntennalL=53.3 AntennalR=52.5 MushroomL=67.9 MushroomR=54.5 LateralL=100.9 LateralR=89.1 Centralx=0.9 SEZy=1.9 AMMCL=0.0 AMMCR=0.0 Centraln=8.3 Descendingg=5.8 Ascendingg=0.2
   eye: lumL/R 0.396/0.426 contrastL/R +0.04/+0.03 R1-6 45/44 Hz | R1-6 20.7/34.2  R7 34.1/38.2  R8 33.2/39.3  L1 0.0/0.0  L2 0.0/0.0  L3 0.6/0.2  Mi1 4.6/4.3  Tm3 5.2/5.7  Tm1 0.1/0.0  Tm2 0.0/0.0  Tm9 0.1/0.0  T4a 1.3/0.7  T4b 1.1/0.3  T4c 0.4/0.3  T4d 0.3/0.1  T5a 0.8/1.1  T5b 0.3/0.1  T5c 0.7/1.2  T5d 0.6/0.4  LC4 3.3/1.2  LPLC1 0.0/0.0  LPLC2 0.0/0.0  LC6 0.0/0.0  DNp01 0.0/0.0  DNp02 0.0/29.4  DNp11 0.0/0.0
t=11.1s spikes/s=1224117 gpu=35.6ms fps=27 | pos=(-2.0,7.0) spd=0.00 turn=0.00 air=false feed=false esc=0 hunger=0.80
   DN: P9 0.0/0.0  DNa02 29.4/0.0  MDN 0.0  GF 0.0  MN9 0.0 | odourL/R 0.02/0.02 loom 0.0
   Hz: OpticL=3.8 OpticR=5.1 AntennalL=54.7 AntennalR=52.3 MushroomL=68.4 MushroomR=55.6 LateralL=101.1 LateralR=88.9 Centralx=1.2 SEZy=1.7 AMMCL=0.0 AMMCR=0.0 Centraln=8.4 Descendingg=5.8 Ascendingg=0.1
   eye: lumL/R 0.396/0.426 contrastL/R +0.01/+0.01 R1-6 42/41 Hz | R1-6 20.0/32.0  R7 30.8/36.8  R8 31.6/37.5  L1 0.0/0.0  L2 0.0/0.0  L3 0.4/0.3  Mi1 4.8/5.0  Tm3 4.7/6.7  Tm1 0.0/0.0  Tm2 0.1/0.0  Tm9 0.2/0.0  T4a 1.6/0.6  T4b 0.9/0.4  T4c 0.4/0.2  T4d 0.3/0.1  T5a 1.3/1.0  T5b 0.4/0.2  T5c 0.5/0.6  T5d 0.5/0.5  LC4 2.2/0.0  LPLC1 0.0/0.0  LPLC2 0.0/0.0  LC6 0.0/0.0  DNp01 0.0/0.0  DNp02 0.0/29.4  DNp11 0.0/0.0
t=12.0s spikes/s=1212235 gpu=33.9ms fps=27 | pos=(-2.0,7.0) spd=0.00 turn=0.00 air=false feed=false esc=0 hunger=0.80
   DN: P9 0.0/0.0  DNa02 88.2/0.0  MDN 0.0  GF 0.0  MN9 0.0 | odourL/R 0.02/0.02 loom 0.0
   Hz: OpticL=3.8 OpticR=5.0 AntennalL=53.8 AntennalR=52.1 MushroomL=68.2 MushroomR=55.3 LateralL=99.6 LateralR=88.8 Centralx=1.1 SEZy=1.6 AMMCL=0.0 AMMCR=0.0 Centraln=8.4 Descendingg=6.3 Ascendingg=0.1
   eye: lumL/R 0.396/0.426 contrastL/R +0.00/+0.00 R1-6 41/40 Hz | R1-6 19.7/31.4  R7 30.6/33.9  R8 31.2/36.9  L1 0.0/0.0  L2 0.0/0.0  L3 0.2/0.1  Mi1 4.7/4.7  Tm3 5.6/6.4  Tm1 0.0/0.0  Tm2 0.1/0.0  Tm9 0.2/0.0  T4a 1.1/0.7  T4b 0.9/0.5  T4c 0.4/0.2  T4d 0.2/0.2  T5a 1.0/1.1  T5b 0.2/0.2  T5c 0.5/0.7  T5d 0.6/0.8  LC4 2.2/0.0  LPLC1 0.0/0.0  LPLC2 0.0/0.0  LC6 0.0/0.0  DNp01 0.0/0.0  DNp02 0.0/29.4  DNp11 0.0/0.0
t=13.0s spikes/s=1206000 gpu=36.4ms fps=27 | pos=(-2.0,7.0) spd=0.00 turn=0.00 air=false feed=false esc=0 hunger=0.80
   DN: P9 0.0/0.0  DNa02 88.2/0.0  MDN 0.0  GF 0.0  MN9 0.0 | odourL/R 0.02/0.02 loom 0.0
   Hz: OpticL=3.7 OpticR=4.9 AntennalL=53.8 AntennalR=51.6 MushroomL=67.7 MushroomR=55.9 LateralL=100.1 LateralR=88.1 Centralx=1.3 SEZy=1.9 AMMCL=0.0 AMMCR=0.0 Centraln=8.3 Descendingg=5.5 Ascendingg=0.1
   eye: lumL/R 0.396/0.426 contrastL/R +0.00/+0.00 R1-6 40/40 Hz | R1-6 19.5/30.9  R7 30.0/35.4  R8 30.3/36.3  L1 0.0/0.0  L2 0.0/0.0  L3 0.3/0.2  Mi1 5.6/5.8  Tm3 5.7/6.6  Tm1 0.0/0.0  Tm2 0.0/0.0  Tm9 0.1/0.0  T4a 1.1/0.7  T4b 0.9/0.4  T4c 0.4/0.3  T4d 0.3/0.1  T5a 1.1/0.9  T5b 0.4/0.1  T5c 0.5/0.9  T5d 0.6/0.2  LC4 2.2/0.0  LPLC1 0.0/0.0  LPLC2 0.0/0.0  LC6 0.0/0.0  DNp01 0.0/0.0  DNp02 0.0/29.4  DNp11 0.0/0.0
t=14.0s spikes/s=1203235 gpu=33.6ms fps=27 | pos=(-2.0,7.0) spd=0.00 turn=0.00 air=false feed=false esc=0 hunger=0.80
   DN: P9 0.0/0.0  DNa02 117.6/0.0  MDN 0.0  GF 0.0  MN9 0.0 | odourL/R 0.02/0.02 loom 0.0
   Hz: OpticL=3.7 OpticR=4.8 AntennalL=54.5 AntennalR=51.9 MushroomL=68.5 MushroomR=55.3 LateralL=101.1 LateralR=88.0 Centralx=1.4 SEZy=1.9 AMMCL=0.0 AMMCR=0.0 Centraln=8.3 Descendingg=5.8 Ascendingg=0.2
   eye: lumL/R 0.396/0.426 contrastL/R +0.00/+0.00 R1-6 40/40 Hz | R1-6 19.7/30.2  R7 29.1/34.9  R8 29.7/34.9  L1 0.0/0.0  L2 0.0/0.0  L3 0.4/0.2  Mi1 4.3/5.9  Tm3 5.0/6.1  Tm1 0.0/0.0  Tm2 0.0/0.0  Tm9 0.2/0.0  T4a 1.5/0.6  T4b 0.9/0.4  T4c 0.5/0.2  T4d 0.2/0.0  T5a 1.2/0.7  T5b 0.3/0.2  T5c 0.9/0.6  T5d 0.5/0.6  LC4 1.1/1.2  LPLC1 0.0/0.0  LPLC2 0.0/0.0  LC6 0.0/0.0  DNp01 0.0/0.0  DNp02 0.0/29.4  DNp11 0.0/0.0
t=14.9s spikes/s=1208411 gpu=36.5ms fps=28 | pos=(-2.0,7.0) spd=0.00 turn=0.00 air=false feed=false esc=0 hunger=0.80
   DN: P9 0.0/0.0  DNa02 58.8/0.0  MDN 0.0  GF 0.0  MN9 0.0 | odourL/R 0.02/0.02 loom 0.0
   Hz: OpticL=3.7 OpticR=5.0 AntennalL=53.7 AntennalR=52.4 MushroomL=67.7 MushroomR=55.1 LateralL=98.9 LateralR=89.1 Centralx=1.0 SEZy=1.7 AMMCL=0.0 AMMCR=0.0 Centraln=8.4 Descendingg=6.3 Ascendingg=0.1
   eye: lumL/R 0.396/0.426 contrastL/R +0.00/+0.00 R1-6 40/40 Hz | R1-6 19.1/31.4  R7 28.6/34.0  R8 30.3/33.2  L1 0.0/0.0  L2 0.0/0.0  L3 0.5/0.2  Mi1 4.5/5.0  Tm3 4.3/6.5  Tm1 0.0/0.0  Tm2 0.0/0.0  Tm9 0.2/0.0  T4a 1.0/0.8  T4b 1.1/0.3  T4c 0.5/0.2  T4d 0.3/0.1  T5a 1.2/0.9  T5b 0.4/0.1  T5c 0.6/0.7  T5d 0.6/0.5  LC4 1.6/0.6  LPLC1 0.0/0.0  LPLC2 0.0/0.0  LC6 0.0/0.0  DNp01 0.0/0.0  DNp02 0.0/29.4  DNp11 0.0/0.0
t=15.9s spikes/s=1197000 gpu=31.9ms fps=27 | pos=(-2.0,7.0) spd=0.00 turn=0.00 air=false feed=false esc=0 hunger=0.80
   DN: P9 0.0/0.0  DNa02 58.8/0.0  MDN 0.0  GF 0.0  MN9 0.0 | odourL/R 0.02/0.02 loom 0.0
   Hz: OpticL=3.6 OpticR=4.9 AntennalL=53.5 AntennalR=52.1 MushroomL=68.4 MushroomR=55.1 LateralL=98.9 LateralR=88.1 Centralx=1.1 SEZy=1.6 AMMCL=0.0 AMMCR=0.0 Centraln=8.2 Descendingg=5.6 Ascendingg=0.2
   eye: lumL/R 0.396/0.426 contrastL/R +0.00/+0.00 R1-6 40/40 Hz | R1-6 19.2/31.1  R7 31.5/35.8  R8 29.1/35.6  L1 0.0/0.0  L2 0.0/0.0  L3 0.3/0.4  Mi1 4.0/5.3  Tm3 5.0/6.1  Tm1 0.0/0.0  Tm2 0.2/0.0  Tm9 0.2/0.0  T4a 1.2/0.8  T4b 0.9/0.6  T4c 0.7/0.1  T4d 0.1/0.0  T5a 1.4/1.2  T5b 0.3/0.1  T5c 0.5/0.8  T5d 0.4/0.4  LC4 1.1/0.6  LPLC1 0.0/0.0  LPLC2 0.0/0.0  LC6 0.0/0.0  DNp01 0.0/0.0  DNp02 0.0/29.4  DNp11 0.0/0.0
screenshot: F:/Fruit Fly Experiment/screenshots/loom_flyvis_g60_a90.png
